Microchip MPLAB XC8 Compiler V1.33 ()

Linker command line:

--edf=C:\Program Files (x86)\Microchip\xc8\v1.33\dat\en_msgs.txt -cs \
  -h+dist/default/production\Lab3.X.production.sym \
  --cmf=dist/default/production\Lab3.X.production.cmf -z -Q18F4320 \
  -oC:\Users\haskins\AppData\Local\Temp\s504.6 \
  -Mdist/default/production/Lab3.X.production.map -E1 -ver=XC8 \
  -ASTACK=080h-01ffh -pstack=STACK -ACODE=00h-01FFFh -ACONST=00h-01FFFh \
  -ASMALLCONST=0200h-02FFhx30 -AMEDIUMCONST=0200h-01FFFh -ACOMRAM=01h-07Fh \
  -AABS1=00h-01FFh -ABIGRAM=01h-01FFh -ARAM=080h-0FFh,0100h-01FFh \
  -ABANK0=080h-0FFh -ABANK1=0100h-01FFh -ASFR=0F80h-0FFFh \
  -preset_vec=00h,intcode=08h,intcodelo=018h,powerup,init,end_init \
  -pramtop=0200h -psmallconst=SMALLCONST -pmediumconst=MEDIUMCONST \
  -pconst=CONST -AFARRAM=00h-00h -ACONFIG=0300000h-030000Dh -pconfig=CONFIG \
  -AIDLOC=0200000h-0200007h -pidloc=IDLOC -AEEDATA=0F00000h-0F000FFh \
  -peeprom_data=EEDATA \
  -prdata=COMRAM,nvrram=COMRAM,nvbit=COMRAM,rbss=COMRAM,rbit=COMRAM \
  -pfarbss=FARRAM,fardata=FARRAM,nvFARRAM=FARRAM \
  -pintsave_regs=BIGRAM,bigbss=BIGRAM,bigdata=BIGRAM -pbss=RAM \
  -pidata=CODE,irdata=CODE,ibigdata=CODE,ifardata=CODE \
  C:\Users\haskins\AppData\Local\Temp\s504.obj \
  dist/default/production\Lab3.X.production.obj 

Object code version is 3.11

Machine type is 18F4320

Call graph: (short form)




                Name                               Link     Load   Length Selector   Space Scale
C:\Users\haskins\AppData\Local\Temp\s504.obj
                end_init                             A2       A2        4        C       0
                reset_vec                             0        0        4        0       0
                idloc                            200000   200000        8   200000       0
                config                           300000   300000        E   300000       0
dist/default/production\Lab3.X.production.obj
                intcodelo                            18       18       8A        C       0
                intcode                               8        8       10        4       0
                text7                               21E      21E        A        C       0
                text6                               1B8      1B8       2A        C       0
                text5                               1F8      1F8       10        C       0
                text4                               1E2      1E2       16        C       0
                text3                               208      208        C        C       0
                text2                               230      230        6        C       0
                text1                               228      228        8        C       0
                text0                                A6       A6       A2        C       0
                cstackCOMRAM                          1        1       30        1       1
                bssCOMRAM                            31       31        2        1       1
                cinit                               214      214        A        C       0
                intcode_body                        148      148       70        C       0

TOTAL           Name                               Link     Load   Length     Space
        CLASS   STACK          

        CLASS   CODE           
                end_init                             A2       A2        4         0
                intcodelo                            18       18       8A         0
                intcode                               8        8       10         0
                reset_vec                             0        0        4         0
                text7                               21E      21E        A         0
                text6                               1B8      1B8       2A         0
                text5                               1F8      1F8       10         0
                text4                               1E2      1E2       16         0
                text3                               208      208        C         0
                text2                               230      230        6         0
                text1                               228      228        8         0
                text0                                A6       A6       A2         0
                cinit                               214      214        A         0
                intcode_body                        148      148       70         0

        CLASS   CONST          

        CLASS   SMALLCONST     

        CLASS   MEDIUMCONST    

        CLASS   COMRAM         
                cstackCOMRAM                          1        1       30         1
                bssCOMRAM                            31       31        2         1

        CLASS   ABS1           

        CLASS   BIGRAM         

        CLASS   RAM            

        CLASS   BANK0          

        CLASS   BANK1          

        CLASS   SFR            

        CLASS   FARRAM         

        CLASS   CONFIG         
                config                           300000   300000        E         0

        CLASS   IDLOC          
                idloc                            200000   200000        8         0

        CLASS   EEDATA         



SEGMENTS        Name                           Load    Length   Top    Selector   Space  Class

                reset_vec                      000000  000004  000004         0       0  CODE    
                cstackCOMRAM                   000001  000032  000033         1       1  COMRAM  
                intcode                        000008  000010  000018         4       0  CODE    
                intcodelo                      000018  00021E  000236         C       0  CODE    
                idloc                          200000  000008  200008    200000       0  IDLOC   
                config                         300000  00000E  30000E    300000       0  CONFIG  


UNUSED ADDRESS RANGES

        Name                Unused          Largest block    Delta
        BANK0            000080-0000FF               80
        BANK1            000100-0001FF              100
        BIGRAM           000033-0001FF              1CD
        CODE             000004-000007                4
                         000236-001FFF             1DCA
        COMRAM           000033-00007F               4D
        CONST            000004-000007                4
                         000236-001FFF             1DCA
        EEDATA           F00000-F000FF              100
        MEDIUMCONST      000236-001FFF             1DCA
        RAM              000080-0001FF               80
        SFR              000F80-000FFF               80
        SMALLCONST       000236-001FFF              100
        STACK            000080-0001FF              180

                                  Symbol Table

?_GetClock               cstackCOMRAM 000020
Delay10KTCYx@unit        cstackCOMRAM 000021
OpenTimer3@config        cstackCOMRAM 000020
_DDRD                    (abs)        000F95
_Delay10KTCYx            text4        0001E2
_GetClock                text7        00021E
_INTCONbits              (abs)        000FF2
_IPR2bits                (abs)        000FA2
_LATD                    (abs)        000F8C
_OpenClock               text5        0001F8
_OpenTimer3              text6        0001B8
_PIE2bits                (abs)        000FA0
_PIR2bits                (abs)        000FA1
_RCONbits                (abs)        000FD0
_T3CON                   (abs)        000FB1
_T3CONbits               (abs)        000FB1
_TMR3H                   (abs)        000FB3
_TMR3L                   (abs)        000FB2
__CFG_BOR$ON             (abs)        000000
__CFG_BORV$42            (abs)        000000
__CFG_CCP2MX$ON          (abs)        000000
__CFG_CP0$OFF            (abs)        000000
__CFG_CP1$OFF            (abs)        000000
__CFG_CP2$OFF            (abs)        000000
__CFG_CP3$OFF            (abs)        000000
__CFG_CPB$OFF            (abs)        000000
__CFG_CPD$OFF            (abs)        000000
__CFG_DEBUG$OFF          (abs)        000000
__CFG_EBTR0$OFF          (abs)        000000
__CFG_EBTR1$OFF          (abs)        000000
__CFG_EBTR2$OFF          (abs)        000000
__CFG_EBTR3$OFF          (abs)        000000
__CFG_EBTRB$OFF          (abs)        000000
__CFG_FSCM$OFF           (abs)        000000
__CFG_IESO$OFF           (abs)        000000
__CFG_LVP$OFF            (abs)        000000
__CFG_MCLRE$ON           (abs)        000000
__CFG_OSC$HS             (abs)        000000
__CFG_PBAD$DIG           (abs)        000000
__CFG_PWRT$ON            (abs)        000000
__CFG_STVR$OFF           (abs)        000000
__CFG_WDT$OFF            (abs)        000000
__CFG_WRT0$OFF           (abs)        000000
__CFG_WRT1$OFF           (abs)        000000
__CFG_WRT2$OFF           (abs)        000000
__CFG_WRT3$OFF           (abs)        000000
__CFG_WRTB$OFF           (abs)        000000
__CFG_WRTC$OFF           (abs)        000000
__CFG_WRTD$OFF           (abs)        000000
__HRAM                   (abs)        000000
__Habs1                  abs1         000000
__Hbank0                 bank0        000000
__Hbank1                 bank1        000000
__Hbigbss                bigbss       000000
__Hbigdata               bigdata      000000
__Hbigram                bigram       000000
__Hbss                   bss          000000
__HbssCOMRAM             bssCOMRAM    000000
__Hcinit                 cinit        000000
__Hclrtext               clrtext      000000
__Hcomram                comram       000000
__Hconfig                config       30000E
__Hconst                 const        000000
__HcstackCOMRAM          cstackCOMRAM 000000
__Hdata                  data         000000
__Heeprom_data           eeprom_data  000000
__Hend_init              end_init     0000A6
__Hfarbss                farbss       000000
__Hfardata               fardata      000000
__Hibigdata              ibigdata     000000
__Hidata                 idata        000000
__Hidloc                 idloc        200008
__Hifardata              ifardata     000000
__Hinit                  init         0000A2
__Hintcode               intcode      000018
__Hintcode_body          intcode_body 000000
__Hintcodelo             intcodelo    0000A2
__Hintentry              intentry     000000
__Hintret                intret       000000
__Hintsave_regs          intsave_regs 000000
__Hirdata                irdata       000000
__Hmediumconst           mediumconst  000000
__HnvFARRAM              nvFARRAM     000000
__Hnvbit                 nvbit        000000
__Hnvrram                nvrram       000000
__Hparam                 rparam       000000
__Hpowerup               powerup      0000A2
__Hram                   ram          000000
__Hramtop                ramtop       000200
__Hrbit                  rbit         000000
__Hrbss                  rbss         000000
__Hrdata                 rdata        000000
__Hreset_vec             reset_vec    000004
__Hrparam                rparam       000000
__Hsfr                   sfr          000000
__Hsmallconst            smallconst   000000
__Hspace_0               (abs)        30000E
__Hspace_1               (abs)        000033
__Hspace_2               (abs)        000000
__Hstack                 stack        000000
__Hstruct                struct       000000
__Htemp                  temp         000000
__Htext                  text         000000
__Htext0                 text0        000000
__Htext1                 text1        000000
__Htext2                 text2        000000
__Htext3                 text3        000000
__Htext4                 text4        000000
__Htext5                 text5        000000
__Htext6                 text6        000000
__Htext7                 text7        000000
__LRAM                   (abs)        000001
__Labs1                  abs1         000000
__Lbank0                 bank0        000000
__Lbank1                 bank1        000000
__Lbigbss                bigbss       000000
__Lbigdata               bigdata      000000
__Lbigram                bigram       000000
__Lbss                   bss          000000
__LbssCOMRAM             bssCOMRAM    000000
__Lcinit                 cinit        000000
__Lclrtext               clrtext      000000
__Lcomram                comram       000000
__Lconfig                config       300000
__Lconst                 const        000000
__LcstackCOMRAM          cstackCOMRAM 000000
__Ldata                  data         000000
__Leeprom_data           eeprom_data  000000
__Lend_init              end_init     0000A2
__Lfarbss                farbss       000000
__Lfardata               fardata      000000
__Libigdata              ibigdata     000000
__Lidata                 idata        000000
__Lidloc                 idloc        200000
__Lifardata              ifardata     000000
__Linit                  init         0000A2
__Lintcode               intcode      000008
__Lintcode_body          intcode_body 000000
__Lintcodelo             intcodelo    000018
__Lintentry              intentry     000000
__Lintret                intret       000000
__Lintsave_regs          intsave_regs 000000
__Lirdata                irdata       000000
__Lmediumconst           mediumconst  000000
__LnvFARRAM              nvFARRAM     000000
__Lnvbit                 nvbit        000000
__Lnvrram                nvrram       000000
__Lparam                 rparam       000000
__Lpowerup               powerup      0000A2
__Lram                   ram          000000
__Lramtop                ramtop       000200
__Lrbit                  rbit         000000
__Lrbss                  rbss         000000
__Lrdata                 rdata        000000
__Lreset_vec             reset_vec    000000
__Lrparam                rparam       000000
__Lsfr                   sfr          000000
__Lsmallconst            smallconst   000000
__Lspace_0               (abs)        000000
__Lspace_1               (abs)        000000
__Lspace_2               (abs)        000000
__Lstack                 stack        000000
__Lstruct                struct       000000
__Ltemp                  temp         000000
__Ltext                  text         000000
__Ltext0                 text0        000000
__Ltext1                 text1        000000
__Ltext2                 text2        000000
__Ltext3                 text3        000000
__Ltext4                 text4        000000
__Ltext5                 text5        000000
__Ltext6                 text6        000000
__Ltext7                 text7        000000
__S0                     (abs)        30000E
__S1                     (abs)        000033
__S2                     (abs)        000000
___inthi_sp              stack        000000
___intlo_sp              stack        000000
___sp                    stack        000000
__accesstop              (abs)        000080
__activetblptr           (abs)        000000
__end_of_Delay10KTCYx    text4        0001F8
__end_of_GetClock        text7        000228
__end_of_OpenClock       text5        000208
__end_of_OpenTimer3      text6        0001E2
__end_of__initialization cinit        000218
__end_of_delay_s         text3        000214
__end_of_highISR         intcode_body 0001B8
__end_of_lowISR          intcodelo    0000A2
__end_of_main            text0        000148
__end_of_openLED         text2        000236
__end_of_setLED          text1        000230
__initialization         cinit        000214
__mediumconst            mediumconst  000000
__pbssCOMRAM             bssCOMRAM    000031
__pcinit                 cinit        000214
__pcstackCOMRAM          cstackCOMRAM 000001
__pintcode               intcode      000008
__pintcode_body          intcode_body 000148
__pintcodelo             intcodelo    000018
__ptext0                 text0        0000A6
__ptext1                 text1        000228
__ptext2                 text2        000230
__ptext3                 text3        000208
__ptext4                 text4        0001E2
__ptext5                 text5        0001F8
__ptext6                 text6        0001B8
__ptext7                 text7        00021E
__ramtop                 ramtop       000200
__size_of_Delay10KTCYx   (abs)        000000
__size_of_GetClock       (abs)        000000
__size_of_OpenClock      (abs)        000000
__size_of_OpenTimer3     (abs)        000000
__size_of_delay_s        (abs)        000000
__size_of_highISR        (abs)        000000
__size_of_lowISR         (abs)        000000
__size_of_main           (abs)        000000
__size_of_openLED        (abs)        000000
__size_of_setLED         (abs)        000000
__smallconst             smallconst   000000
_delay_s                 text3        000208
_highISR                 intcode      000008
_lowISR                  intcodelo    000018
_main                    text0        0000A6
_openLED                 text2        000230
_setLED                  text1        000228
_tick_units              bssCOMRAM    000031
delay_s@x                cstackCOMRAM 000022
end_of_initialization    cinit        000218
int_func                 intcode_body 000148
intlevel0                text         000000
intlevel1                text         000000
intlevel2                text         000000
intlevel3                text         000000
main@i                   cstackCOMRAM 00002D
main@i_295               cstackCOMRAM 00002F
main@ticks               cstackCOMRAM 00002B
setLED@value             cstackCOMRAM 000020
stackhi                  (abs)        0001FF
stacklo                  (abs)        000080
start                    init         0000A2
start_initialization     cinit        000214


FUNCTION INFORMATION:

 *************** function _main *****************
 Defined at:
		line 23 in file "Lab3Main.c"
 Parameters:    Size  Location     Type
  argc            2   35[COMRAM] int 
  argv            3   37[COMRAM] PTR PTR unsigned char 
 Auto vars:     Size  Location     Type
  i               2   46[COMRAM] int 
  i               2   44[COMRAM] int 
  ticks           2   42[COMRAM] unsigned int 
 Return value:  Size  Location     Type
                  2   35[COMRAM] int 
 Registers used:
		wreg, status,2, status,0, prodl, prodh, cstack
 Tracked objects:
		On entry : 
		On exit  : 
		Unchanged: 
 Data sizes:     COMRAM   BANK0   BANK1
      Params:         5       0       0
      Locals:         6       0       0
      Temps:          2       0       0
      Totals:        13       0       0
Total ram usage:       13 bytes
 Hardware stack levels required when called:    4
 This function calls:
		_GetClock
		_OpenClock
		_delay_s
		_openLED
		_setLED
 This function is called by:
		Startup code after reset
 This function uses a non-reentrant model


 *************** function _setLED *****************
 Defined at:
		line 47 in file "led.h"
 Parameters:    Size  Location     Type
  value           1    wreg     unsigned char 
 Auto vars:     Size  Location     Type
  value           1   31[COMRAM] unsigned char 
 Return value:  Size  Location     Type
		None               void
 Registers used:
		wreg
 Tracked objects:
		On entry : 
		On exit  : 
		Unchanged: 
 Data sizes:     COMRAM   BANK0   BANK1
      Params:         0       0       0
      Locals:         1       0       0
      Temps:          0       0       0
      Totals:         1       0       0
Total ram usage:        1 bytes
 Hardware stack levels used:    1
 Hardware stack levels required when called:    2
 This function calls:
		Nothing
 This function is called by:
		_main
 This function uses a non-reentrant model


 *************** function _openLED *****************
 Defined at:
		line 28 in file "led.h"
 Parameters:    Size  Location     Type
		None
 Auto vars:     Size  Location     Type
		None
 Return value:  Size  Location     Type
		None               void
 Registers used:
		wreg, status,2
 Tracked objects:
		On entry : 
		On exit  : 
		Unchanged: 
 Data sizes:     COMRAM   BANK0   BANK1
      Params:         0       0       0
      Locals:         0       0       0
      Temps:          0       0       0
      Totals:         0       0       0
Total ram usage:        0 bytes
 Hardware stack levels used:    1
 Hardware stack levels required when called:    2
 This function calls:
		Nothing
 This function is called by:
		_main
 This function uses a non-reentrant model


 *************** function _delay_s *****************
 Defined at:
		line 22 in file "delay.h"
 Parameters:    Size  Location     Type
  x               2   33[COMRAM] unsigned int 
 Auto vars:     Size  Location     Type
		None
 Return value:  Size  Location     Type
		None               void
 Registers used:
		wreg, status,2, status,0, prodl, prodh, cstack
 Tracked objects:
		On entry : 
		On exit  : 
		Unchanged: 
 Data sizes:     COMRAM   BANK0   BANK1
      Params:         2       0       0
      Locals:         0       0       0
      Temps:          0       0       0
      Totals:         2       0       0
Total ram usage:        2 bytes
 Hardware stack levels used:    1
 Hardware stack levels required when called:    3
 This function calls:
		_Delay10KTCYx
 This function is called by:
		_main
 This function uses a non-reentrant model


 *************** function _Delay10KTCYx *****************
 Defined at:
		line 8 in file "C:\Program Files (x86)\Microchip\xc8\v1.33\sources\pic18\d10ktcyx.c"
 Parameters:    Size  Location     Type
  unit            1    wreg     unsigned char 
 Auto vars:     Size  Location     Type
  unit            1   32[COMRAM] unsigned char 
 Return value:  Size  Location     Type
		None               void
 Registers used:
		wreg
 Tracked objects:
		On entry : 
		On exit  : 
		Unchanged: 
 Data sizes:     COMRAM   BANK0   BANK1
      Params:         0       0       0
      Locals:         1       0       0
      Temps:          1       0       0
      Totals:         2       0       0
Total ram usage:        2 bytes
 Hardware stack levels used:    1
 Hardware stack levels required when called:    2
 This function calls:
		Nothing
 This function is called by:
		_delay_s
		_delay_ms
 This function uses a non-reentrant model


 *************** function _OpenClock *****************
 Defined at:
		line 45 in file "clock.h"
 Parameters:    Size  Location     Type
		None
 Auto vars:     Size  Location     Type
		None
 Return value:  Size  Location     Type
		None               void
 Registers used:
		wreg, status,2, status,0, cstack
 Tracked objects:
		On entry : 
		On exit  : 
		Unchanged: 
 Data sizes:     COMRAM   BANK0   BANK1
      Params:         0       0       0
      Locals:         0       0       0
      Temps:          0       0       0
      Totals:         0       0       0
Total ram usage:        0 bytes
 Hardware stack levels used:    1
 Hardware stack levels required when called:    3
 This function calls:
		_OpenTimer3
 This function is called by:
		_main
 This function uses a non-reentrant model


 *************** function _OpenTimer3 *****************
 Defined at:
		line 29 in file "C:\Program Files (x86)\Microchip\xc8\v1.33\sources\pic18\plib\Timers\t3open.c"
 Parameters:    Size  Location     Type
  config          1    wreg     unsigned char 
 Auto vars:     Size  Location     Type
  config          1   31[COMRAM] unsigned char 
 Return value:  Size  Location     Type
		None               void
 Registers used:
		wreg, status,2, status,0
 Tracked objects:
		On entry : 
		On exit  : 
		Unchanged: 
 Data sizes:     COMRAM   BANK0   BANK1
      Params:         0       0       0
      Locals:         1       0       0
      Temps:          0       0       0
      Totals:         1       0       0
Total ram usage:        1 bytes
 Hardware stack levels used:    1
 Hardware stack levels required when called:    2
 This function calls:
		Nothing
 This function is called by:
		_OpenClock
 This function uses a non-reentrant model


 *************** function _GetClock *****************
 Defined at:
		line 78 in file "clock.h"
 Parameters:    Size  Location     Type
		None
 Auto vars:     Size  Location     Type
		None
 Return value:  Size  Location     Type
                  2   31[COMRAM] unsigned int 
 Registers used:
		None
 Tracked objects:
		On entry : 
		On exit  : 
		Unchanged: 
 Data sizes:     COMRAM   BANK0   BANK1
      Params:         2       0       0
      Locals:         0       0       0
      Temps:          0       0       0
      Totals:         2       0       0
Total ram usage:        2 bytes
 Hardware stack levels used:    1
 Hardware stack levels required when called:    2
 This function calls:
		Nothing
 This function is called by:
		_main
 This function uses a non-reentrant model


 *************** function _lowISR *****************
 Defined at:
		line 21 in file "clock.h"
 Parameters:    Size  Location     Type
		None
 Auto vars:     Size  Location     Type
		None
 Return value:  Size  Location     Type
		None               void
 Registers used:
		None
 Tracked objects:
		On entry : 
		On exit  : 
		Unchanged: 
 Data sizes:     COMRAM   BANK0   BANK1
      Params:         0       0       0
      Locals:         0       0       0
      Temps:         17       0       0
      Totals:        17       0       0
Total ram usage:       17 bytes
 Hardware stack levels used:    1
 Hardware stack levels required when called:    1
 This function calls:
		Nothing
 This function is called by:
		Interrupt level 1
 This function uses a non-reentrant model


 *************** function _highISR *****************
 Defined at:
		line 25 in file "clock.h"
 Parameters:    Size  Location     Type
		None
 Auto vars:     Size  Location     Type
		None
 Return value:  Size  Location     Type
		None               void
 Registers used:
		status,2, status,0
 Tracked objects:
		On entry : 
		On exit  : 
		Unchanged: 
 Data sizes:     COMRAM   BANK0   BANK1
      Params:         0       0       0
      Locals:         0       0       0
      Temps:         14       0       0
      Totals:        14       0       0
Total ram usage:       14 bytes
 Hardware stack levels used:    1
 This function calls:
		Nothing
 This function is called by:
		Interrupt level 2
 This function uses a non-reentrant model



MODULE INFORMATION

Module		Function		Class		Link	Load	Size
C:\Program Files (x86)\Microchip\xc8\v1.33\sources\pic18\plib\Timers\t3open.c
		_OpenTimer3    		CODE           	01B8	0000	42

C:\Program Files (x86)\Microchip\xc8\v1.33\sources\pic18\plib\Timers\t3open.c estimated size: 42

delay.h
		_delay_s       		CODE           	0208	0000	12

delay.h estimated size: 12

clock.h
		_OpenClock     		CODE           	01F8	0000	16
		_highISR       		CODE           	0008	0000	432
		_lowISR        		CODE           	0018	0000	138
		_GetClock      		CODE           	021E	0000	10

clock.h estimated size: 596

Lab3Main.c
		_main          		CODE           	00A6	0000	162

Lab3Main.c estimated size: 162

C:\Program Files (x86)\Microchip\xc8\v1.33\sources\pic18\d10ktcyx.c
		_Delay10KTCYx  		CODE           	01E2	0000	22

C:\Program Files (x86)\Microchip\xc8\v1.33\sources\pic18\d10ktcyx.c estimated size: 22

shared
		__initializatio		CODE           	0214	0000	4

shared estimated size: 4

led.h
		_openLED       		CODE           	0230	0000	6
		_setLED        		CODE           	0228	0000	8

led.h estimated size: 14

