Microchip MPLAB XC8 Compiler V1.33 ()

Linker command line:

--edf=C:\Program Files (x86)\Microchip\xc8\v1.33\dat\en_msgs.txt -cs \
  -h+dist/default/production\Lab6.X.production.sym \
  --cmf=dist/default/production\Lab6.X.production.cmf -z -Q18F4320 \
  -oC:\Users\haskins\AppData\Local\Temp\s5is.6 \
  -Mdist/default/production/Lab6.X.production.map -E1 -ver=XC8 \
  -ASTACK=080h-01ffh -pstack=STACK -ACODE=00h-01FFFh -ACONST=00h-01FFFh \
  -ASMALLCONST=0200h-02FFhx30 -AMEDIUMCONST=0200h-01FFFh -ACOMRAM=01h-07Fh \
  -AABS1=00h-01FFh -ABIGRAM=01h-01FFh -ARAM=080h-0FFh,0100h-01FFh \
  -ABANK0=080h-0FFh -ABANK1=0100h-01FFh -ASFR=0F80h-0FFFh \
  -preset_vec=00h,intcode=08h,intcodelo=018h,powerup,init,end_init \
  -pramtop=0200h -psmallconst=SMALLCONST -pmediumconst=MEDIUMCONST \
  -pconst=CONST -AFARRAM=00h-00h -ACONFIG=0300000h-030000Dh -pconfig=CONFIG \
  -AIDLOC=0200000h-0200007h -pidloc=IDLOC -AEEDATA=0F00000h-0F000FFh \
  -peeprom_data=EEDATA \
  -prdata=COMRAM,nvrram=COMRAM,nvbit=COMRAM,rbss=COMRAM,rbit=COMRAM \
  -pfarbss=FARRAM,fardata=FARRAM,nvFARRAM=FARRAM \
  -pintsave_regs=BIGRAM,bigbss=BIGRAM,bigdata=BIGRAM -pbss=RAM \
  -pidata=CODE,irdata=CODE,ibigdata=CODE,ifardata=CODE \
  C:\Users\haskins\AppData\Local\Temp\s5is.obj \
  dist/default/production\Lab6.X.production.obj 

Object code version is 3.11

Machine type is 18F4320

Call graph: (short form)




                Name                               Link     Load   Length Selector   Space Scale
C:\Users\haskins\AppData\Local\Temp\s5is.obj
                end_init                            104      104        4        C       0
                reset_vec                             0        0        4        0       0
                idloc                            200000   200000        8   200000       0
                config                           300000   300000        E   300000       0
dist/default/production\Lab6.X.production.obj
                intcodelo                            18       18       EC        C       0
                intcode                               8        8       10        4       0
                intcode_body                        420      420       70        C       0
                text25                              7E2      7E2       12        C       0
                text24                              7D0      7D0       12        C       0
                text22                              75A      75A       20        C       0
                text21                              73A      73A       20        C       0
                text20                              7BE      7BE       12        C       0
                text19                              616      616       3A        C       0
                text18                              77A      77A       1C        C       0
                text17                              71A      71A       20        C       0
                text16                              800      800        A        C       0
                text15                              5DC      5DC       3A        C       0
                text14                              5A2      5A2       3A        C       0
                text13                              650      650       38        C       0
                text12                              370      370       B0        C       0
                text11                              6AE      6AE       26        C       0
                text10                              688      688       26        C       0
                text9                               550      550       52        C       0
                text8                               796      796       16        C       0
                text7                               6F8      6F8       22        C       0
                text6                               7F4      7F4        C        C       0
                text5                               812      812        6        C       0
                text4                               4FA      4FA       56        C       0
                text3                               7AC      7AC       12        C       0
                text2                               490      490       6A        C       0
                text1                               80A      80A        8        C       0
                text0                               108      108      268        C       0
                cstackCOMRAM                          1        1       43        1       1
                dataCOMRAM                           50       50        1        1       1
                bssCOMRAM                            44       44        C        1       1
                cinit                               6D4      6D4       24        C       0
                idataCOMRAM                         818      818        1        C       0

TOTAL           Name                               Link     Load   Length     Space
        CLASS   STACK          

        CLASS   CODE           
                end_init                            104      104        4         0
                intcodelo                            18       18       EC         0
                intcode                               8        8       10         0
                reset_vec                             0        0        4         0
                intcode_body                        420      420       70         0
                text25                              7E2      7E2       12         0
                text24                              7D0      7D0       12         0
                text22                              75A      75A       20         0
                text21                              73A      73A       20         0
                text20                              7BE      7BE       12         0
                text19                              616      616       3A         0
                text18                              77A      77A       1C         0
                text17                              71A      71A       20         0
                text16                              800      800        A         0
                text15                              5DC      5DC       3A         0
                text14                              5A2      5A2       3A         0
                text13                              650      650       38         0
                text12                              370      370       B0         0
                text11                              6AE      6AE       26         0
                text10                              688      688       26         0
                text9                               550      550       52         0
                text8                               796      796       16         0
                text7                               6F8      6F8       22         0
                text6                               7F4      7F4        C         0
                text5                               812      812        6         0
                text4                               4FA      4FA       56         0
                text3                               7AC      7AC       12         0
                text2                               490      490       6A         0
                text1                               80A      80A        8         0
                text0                               108      108      268         0
                cinit                               6D4      6D4       24         0
                idataCOMRAM                         818      818        1         0

        CLASS   CONST          

        CLASS   SMALLCONST     

        CLASS   MEDIUMCONST    

        CLASS   COMRAM         
                cstackCOMRAM                          1        1       43         1
                dataCOMRAM                           50       50        1         1
                bssCOMRAM                            44       44        C         1

        CLASS   ABS1           

        CLASS   BIGRAM         

        CLASS   RAM            

        CLASS   BANK0          

        CLASS   BANK1          

        CLASS   SFR            

        CLASS   FARRAM         

        CLASS   CONFIG         
                config                           300000   300000        E         0

        CLASS   IDLOC          
                idloc                            200000   200000        8         0

        CLASS   EEDATA         



SEGMENTS        Name                           Load    Length   Top    Selector   Space  Class

                reset_vec                      000000  000004  000004         0       0  CODE    
                cstackCOMRAM                   000001  000050  000051         1       1  COMRAM  
                intcode                        000008  000010  000018         4       0  CODE    
                intcodelo                      000018  000801  000819         C       0  CODE    
                idloc                          200000  000008  200008    200000       0  IDLOC   
                config                         300000  00000E  30000E    300000       0  CONFIG  


UNUSED ADDRESS RANGES

        Name                Unused          Largest block    Delta
        BANK0            000080-0000FF               80
        BANK1            000100-0001FF              100
        BIGRAM           000051-0001FF              1AF
        CODE             000004-000007                4
                         000819-001FFF             17E7
        COMRAM           000051-00007F               2F
        CONST            000004-000007                4
                         000819-001FFF             17E7
        EEDATA           F00000-F000FF              100
        MEDIUMCONST      000819-001FFF             17E7
        RAM              000080-0001FF               80
        SFR              000F80-000FFF               80
        SMALLCONST       000819-001FFF              100
        STACK            000080-0001FF              180

                                  Symbol Table

?_ReadTimer0                cstackCOMRAM 00000F
?___lmul                    cstackCOMRAM 000024
?___lwdiv                   cstackCOMRAM 000024
?_abs                       cstackCOMRAM 000024
?_rand                      cstackCOMRAM 000030
Delay10KTCYx@unit           cstackCOMRAM 000025
OpenPWM1@period             cstackCOMRAM 000024
OpenPWM2@ccp2mx             cstackCOMRAM 000026
OpenPWM2@period             cstackCOMRAM 000025
OpenTimer0@config           cstackCOMRAM 000024
OpenTimer2@config           cstackCOMRAM 000024
ReadTimer0@timer            cstackCOMRAM 000011
Runlchb100@port             cstackCOMRAM 000030
Runlchb100@starboard        cstackCOMRAM 00002E
SetDCPWM1@DCycle            cstackCOMRAM 00002C
SetDCPWM1@dutycycle         cstackCOMRAM 000028
SetDCPWM2@DCycle            cstackCOMRAM 00002C
SetDCPWM2@dutycycle         cstackCOMRAM 000028
WriteTimer0@timer           cstackCOMRAM 000011
WriteTimer0@timer0          cstackCOMRAM 00000F
_ADCON1                     (abs)        000FC1
_CCP1CON                    (abs)        000FBD
_CCP2CON                    (abs)        000FBA
_CCPR1L                     (abs)        000FBE
_CCPR2L                     (abs)        000FBB
_Closelchb100               text16       000800
_DDRAbits                   (abs)        000F92
_DDRD                       (abs)        000F95
_Delay10KTCYx               text8        000796
_INTCON2bits                (abs)        000FF1
_INTCONbits                 (abs)        000FF2
_IPR2bits                   (abs)        000FA2
_LATAbits                   (abs)        000F89
_LATBbits                   (abs)        000F8A
_LATD                       (abs)        000F8C
_OpenPWM1                   text20       0007BE
_OpenPWM2                   text19       000616
_OpenSRF04                  text21       00073A
_OpenTimer0                 text22       00075A
_OpenTimer2                 text18       00077A
_Openlchb100                text17       00071A
_PIE1bits                   (abs)        000F9D
_PIE2bits                   (abs)        000FA0
_PIR1bits                   (abs)        000F9E
_PIR2bits                   (abs)        000FA1
_PORTB                      (abs)        000F81
_PORTBbits                  (abs)        000F81
_PR2                        (abs)        000FCB
_RCONbits                   (abs)        000FD0
_ReadTimer0                 text25       0007E2
_Runlchb100                 text12       000370
_SetDCPWM1                  text15       0005DC
_SetDCPWM2                  text14       0005A2
_T0CON                      (abs)        000FD5
_T0CONbits                  (abs)        000FD5
_T2CON                      (abs)        000FCA
_T2CONbits                  (abs)        000FCA
_T3CON                      (abs)        000FB1
_T3CONbits                  (abs)        000FB1
_TMR0H                      (abs)        000FD7
_TMR0L                      (abs)        000FD6
_TMR2                       (abs)        000FCC
_TMR3H                      (abs)        000FB3
_TMR3L                      (abs)        000FB2
_TRISBbits                  (abs)        000F93
_TRISCbits                  (abs)        000F94
_TriggerLeftSRF04           text11       0006AE
_TriggerRightSRF04          text10       000688
_WriteTimer0                text24       0007D0
__CFG_BOR$ON                (abs)        000000
__CFG_BORV$42               (abs)        000000
__CFG_CCP2MX$ON             (abs)        000000
__CFG_CP0$OFF               (abs)        000000
__CFG_CP1$OFF               (abs)        000000
__CFG_CP2$OFF               (abs)        000000
__CFG_CP3$OFF               (abs)        000000
__CFG_CPB$OFF               (abs)        000000
__CFG_CPD$OFF               (abs)        000000
__CFG_DEBUG$OFF             (abs)        000000
__CFG_EBTR0$OFF             (abs)        000000
__CFG_EBTR1$OFF             (abs)        000000
__CFG_EBTR2$OFF             (abs)        000000
__CFG_EBTR3$OFF             (abs)        000000
__CFG_EBTRB$OFF             (abs)        000000
__CFG_FSCM$OFF              (abs)        000000
__CFG_IESO$OFF              (abs)        000000
__CFG_LVP$OFF               (abs)        000000
__CFG_MCLRE$ON              (abs)        000000
__CFG_OSC$HS                (abs)        000000
__CFG_PBAD$DIG              (abs)        000000
__CFG_PWRT$ON               (abs)        000000
__CFG_STVR$OFF              (abs)        000000
__CFG_WDT$OFF               (abs)        000000
__CFG_WRT0$OFF              (abs)        000000
__CFG_WRT1$OFF              (abs)        000000
__CFG_WRT2$OFF              (abs)        000000
__CFG_WRT3$OFF              (abs)        000000
__CFG_WRTB$OFF              (abs)        000000
__CFG_WRTC$OFF              (abs)        000000
__CFG_WRTD$OFF              (abs)        000000
__HRAM                      (abs)        000000
__Habs1                     abs1         000000
__Hbank0                    bank0        000000
__Hbank1                    bank1        000000
__Hbigbss                   bigbss       000000
__Hbigdata                  bigdata      000000
__Hbigram                   bigram       000000
__Hbss                      bss          000000
__HbssCOMRAM                bssCOMRAM    000000
__Hcinit                    cinit        000000
__Hclrtext                  clrtext      000000
__Hcomram                   comram       000000
__Hconfig                   config       30000E
__Hconst                    const        000000
__HcstackCOMRAM             cstackCOMRAM 000000
__Hdata                     data         000000
__HdataCOMRAM               dataCOMRAM   000000
__Heeprom_data              eeprom_data  000000
__Hend_init                 end_init     000108
__Hfarbss                   farbss       000000
__Hfardata                  fardata      000000
__Hibigdata                 ibigdata     000000
__Hidata                    idata        000000
__HidataCOMRAM              idataCOMRAM  000000
__Hidloc                    idloc        200008
__Hifardata                 ifardata     000000
__Hinit                     init         000104
__Hintcode                  intcode      000018
__Hintcode_body             intcode_body 000000
__Hintcodelo                intcodelo    000104
__Hintentry                 intentry     000000
__Hintret                   intret       000000
__Hintsave_regs             intsave_regs 000000
__Hirdata                   irdata       000000
__Hmediumconst              mediumconst  000000
__HnvFARRAM                 nvFARRAM     000000
__Hnvbit                    nvbit        000000
__Hnvrram                   nvrram       000000
__Hparam                    rparam       000000
__Hpowerup                  powerup      000104
__Hram                      ram          000000
__Hramtop                   ramtop       000200
__Hrbit                     rbit         000000
__Hrbss                     rbss         000000
__Hrdata                    rdata        000000
__Hreset_vec                reset_vec    000004
__Hrparam                   rparam       000000
__Hsfr                      sfr          000000
__Hsmallconst               smallconst   000000
__Hspace_0                  (abs)        30000E
__Hspace_1                  (abs)        000051
__Hspace_2                  (abs)        000000
__Hstack                    stack        000000
__Hstruct                   struct       000000
__Htemp                     temp         000000
__Htext                     text         000000
__Htext0                    text0        000000
__Htext1                    text1        000000
__Htext10                   text10       000000
__Htext11                   text11       000000
__Htext12                   text12       000000
__Htext13                   text13       000000
__Htext14                   text14       000000
__Htext15                   text15       000000
__Htext16                   text16       000000
__Htext17                   text17       000000
__Htext18                   text18       000000
__Htext19                   text19       000000
__Htext2                    text2        000000
__Htext20                   text20       000000
__Htext21                   text21       000000
__Htext22                   text22       000000
__Htext24                   text24       000000
__Htext25                   text25       000000
__Htext3                    text3        000000
__Htext4                    text4        000000
__Htext5                    text5        000000
__Htext6                    text6        000000
__Htext7                    text7        000000
__Htext8                    text8        000000
__Htext9                    text9        000000
__LRAM                      (abs)        000001
__Labs1                     abs1         000000
__Lbank0                    bank0        000000
__Lbank1                    bank1        000000
__Lbigbss                   bigbss       000000
__Lbigdata                  bigdata      000000
__Lbigram                   bigram       000000
__Lbss                      bss          000000
__LbssCOMRAM                bssCOMRAM    000000
__Lcinit                    cinit        000000
__Lclrtext                  clrtext      000000
__Lcomram                   comram       000000
__Lconfig                   config       300000
__Lconst                    const        000000
__LcstackCOMRAM             cstackCOMRAM 000000
__Ldata                     data         000000
__LdataCOMRAM               dataCOMRAM   000000
__Leeprom_data              eeprom_data  000000
__Lend_init                 end_init     000104
__Lfarbss                   farbss       000000
__Lfardata                  fardata      000000
__Libigdata                 ibigdata     000000
__Lidata                    idata        000000
__LidataCOMRAM              idataCOMRAM  000000
__Lidloc                    idloc        200000
__Lifardata                 ifardata     000000
__Linit                     init         000104
__Lintcode                  intcode      000008
__Lintcode_body             intcode_body 000000
__Lintcodelo                intcodelo    000018
__Lintentry                 intentry     000000
__Lintret                   intret       000000
__Lintsave_regs             intsave_regs 000000
__Lirdata                   irdata       000000
__Lmediumconst              mediumconst  000000
__LnvFARRAM                 nvFARRAM     000000
__Lnvbit                    nvbit        000000
__Lnvrram                   nvrram       000000
__Lparam                    rparam       000000
__Lpowerup                  powerup      000104
__Lram                      ram          000000
__Lramtop                   ramtop       000200
__Lrbit                     rbit         000000
__Lrbss                     rbss         000000
__Lrdata                    rdata        000000
__Lreset_vec                reset_vec    000000
__Lrparam                   rparam       000000
__Lsfr                      sfr          000000
__Lsmallconst               smallconst   000000
__Lspace_0                  (abs)        000000
__Lspace_1                  (abs)        000000
__Lspace_2                  (abs)        000000
__Lstack                    stack        000000
__Lstruct                   struct       000000
__Ltemp                     temp         000000
__Ltext                     text         000000
__Ltext0                    text0        000000
__Ltext1                    text1        000000
__Ltext10                   text10       000000
__Ltext11                   text11       000000
__Ltext12                   text12       000000
__Ltext13                   text13       000000
__Ltext14                   text14       000000
__Ltext15                   text15       000000
__Ltext16                   text16       000000
__Ltext17                   text17       000000
__Ltext18                   text18       000000
__Ltext19                   text19       000000
__Ltext2                    text2        000000
__Ltext20                   text20       000000
__Ltext21                   text21       000000
__Ltext22                   text22       000000
__Ltext24                   text24       000000
__Ltext25                   text25       000000
__Ltext3                    text3        000000
__Ltext4                    text4        000000
__Ltext5                    text5        000000
__Ltext6                    text6        000000
__Ltext7                    text7        000000
__Ltext8                    text8        000000
__Ltext9                    text9        000000
__S0                        (abs)        30000E
__S1                        (abs)        000051
__S2                        (abs)        000000
___inthi_sp                 stack        000000
___intlo_sp                 stack        000000
___lmul                     text4        0004FA
___lmul@multiplicand        cstackCOMRAM 000028
___lmul@multiplier          cstackCOMRAM 000024
___lmul@product             cstackCOMRAM 00002C
___lwdiv                    text9        000550
___lwdiv@counter            cstackCOMRAM 00002A
___lwdiv@dividend           cstackCOMRAM 000024
___lwdiv@divisor            cstackCOMRAM 000026
___lwdiv@quotient           cstackCOMRAM 000028
___sp                       stack        000000
__accesstop                 (abs)        000080
__activetblptr              (abs)        000003
__end_of_Closelchb100       text16       00080A
__end_of_Delay10KTCYx       text8        0007AC
__end_of_OpenPWM1           text20       0007D0
__end_of_OpenPWM2           text19       000650
__end_of_OpenSRF04          text21       00075A
__end_of_OpenTimer0         text22       00077A
__end_of_OpenTimer2         text18       000796
__end_of_Openlchb100        text17       00073A
__end_of_ReadTimer0         text25       0007F4
__end_of_Runlchb100         text12       000420
__end_of_SetDCPWM1          text15       000616
__end_of_SetDCPWM2          text14       0005DC
__end_of_TriggerLeftSRF04   text11       0006D4
__end_of_TriggerRightSRF04  text10       0006AE
__end_of_WriteTimer0        text24       0007E2
__end_of___lmul             text4        000550
__end_of___lwdiv            text9        0005A2
__end_of__initialization    cinit        0006F2
__end_of_abs                text13       000688
__end_of_delay_ms           text7        00071A
__end_of_delay_s            text6        000800
__end_of_highISR            intcode_body 000490
__end_of_lowISR             intcodelo    000104
__end_of_main               text0        000370
__end_of_openLED            text5        000818
__end_of_rand               text2        0004FA
__end_of_setLED             text1        000812
__end_of_srand              text3        0007BE
__initialization            cinit        0006D4
__mediumconst               mediumconst  000000
__pbssCOMRAM                bssCOMRAM    000044
__pcinit                    cinit        0006D4
__pcstackCOMRAM             cstackCOMRAM 000001
__pdataCOMRAM               dataCOMRAM   000050
__pidataCOMRAM              idataCOMRAM  000818
__pintcode                  intcode      000008
__pintcode_body             intcode_body 000420
__pintcodelo                intcodelo    000018
__ptext0                    text0        000108
__ptext1                    text1        00080A
__ptext10                   text10       000688
__ptext11                   text11       0006AE
__ptext12                   text12       000370
__ptext13                   text13       000650
__ptext14                   text14       0005A2
__ptext15                   text15       0005DC
__ptext16                   text16       000800
__ptext17                   text17       00071A
__ptext18                   text18       00077A
__ptext19                   text19       000616
__ptext2                    text2        000490
__ptext20                   text20       0007BE
__ptext21                   text21       00073A
__ptext22                   text22       00075A
__ptext24                   text24       0007D0
__ptext25                   text25       0007E2
__ptext3                    text3        0007AC
__ptext4                    text4        0004FA
__ptext5                    text5        000812
__ptext6                    text6        0007F4
__ptext7                    text7        0006F8
__ptext8                    text8        000796
__ptext9                    text9        000550
__ramtop                    ramtop       000200
__size_of_Closelchb100      (abs)        000000
__size_of_Delay10KTCYx      (abs)        000000
__size_of_OpenPWM1          (abs)        000000
__size_of_OpenPWM2          (abs)        000000
__size_of_OpenSRF04         (abs)        000000
__size_of_OpenTimer0        (abs)        000000
__size_of_OpenTimer2        (abs)        000000
__size_of_Openlchb100       (abs)        000000
__size_of_ReadTimer0        (abs)        000000
__size_of_Runlchb100        (abs)        000000
__size_of_SetDCPWM1         (abs)        000000
__size_of_SetDCPWM2         (abs)        000000
__size_of_TriggerLeftSRF04  (abs)        000000
__size_of_TriggerRightSRF04 (abs)        000000
__size_of_WriteTimer0       (abs)        000000
__size_of___lmul            (abs)        000000
__size_of___lwdiv           (abs)        000000
__size_of_abs               (abs)        000000
__size_of_delay_ms          (abs)        000000
__size_of_delay_s           (abs)        000000
__size_of_highISR           (abs)        000000
__size_of_lowISR            (abs)        000000
__size_of_main              (abs)        000000
__size_of_openLED           (abs)        000000
__size_of_rand              (abs)        000000
__size_of_setLED            (abs)        000000
__size_of_srand             (abs)        000000
__smallconst                smallconst   000000
_abs                        text13       000650
_delay_ms                   text7        0006F8
_delay_s                    text6        0007F4
_highISR                    intcode      000008
_lowISR                     intcodelo    000018
_main                       text0        000108
_openLED                    text5        000812
_portB                      bssCOMRAM    00004E
_rand                       text2        000490
_randf                      bssCOMRAM    00004F
_randx                      bssCOMRAM    000044
_setLED                     text1        00080A
_srand                      text3        0007AC
_tick_units                 bssCOMRAM    000048
_ticksLeft                  bssCOMRAM    00004A
_ticksRL                    dataCOMRAM   000050
_ticksRight                 bssCOMRAM    00004C
abs@a                       cstackCOMRAM 000024
delay_ms@x                  cstackCOMRAM 000026
delay_s@x                   cstackCOMRAM 000026
end_of_initialization       cinit        0006F2
int_func                    intcode_body 000420
intlevel0                   text         000000
intlevel1                   text         000000
intlevel2                   text         000000
intlevel3                   text         000000
main@i                      cstackCOMRAM 00003D
main@leftCM                 cstackCOMRAM 000040
main@rightCM                cstackCOMRAM 000042
main@state                  cstackCOMRAM 00003F
main@x                      cstackCOMRAM 00003B
setLED@value                cstackCOMRAM 000024
srand@x                     cstackCOMRAM 000024
stackhi                     (abs)        0001FF
stacklo                     (abs)        000080
start                       init         000104
start_initialization        cinit        0006D4


FUNCTION INFORMATION:

 *************** function _main *****************
 Defined at:
		line 82 in file "Main.c"
 Parameters:    Size  Location     Type
  argc            2   53[COMRAM] int 
  argv            3   55[COMRAM] PTR PTR unsigned char 
 Auto vars:     Size  Location     Type
  rightCM         2   65[COMRAM] unsigned int 
  leftCM          2   63[COMRAM] unsigned int 
  i               2   60[COMRAM] int 
  x               2   58[COMRAM] int 
  state           1   62[COMRAM] enum E4182
 Return value:  Size  Location     Type
                  2   53[COMRAM] int 
 Registers used:
		wreg, status,2, status,0, tblptrl, tblptrh, tblptru, prodl, prodh, cstack
 Tracked objects:
		On entry : 
		On exit  : 
		Unchanged: 
 Data sizes:     COMRAM   BANK0   BANK1
      Params:         5       0       0
      Locals:         9       0       0
      Temps:          0       0       0
      Totals:        14       0       0
Total ram usage:       14 bytes
 Hardware stack levels required when called:    5
 This function calls:
		_Closelchb100
		_OpenSRF04
		_Openlchb100
		_Runlchb100
		_TriggerLeftSRF04
		_TriggerRightSRF04
		___lwdiv
		_delay_ms
		_delay_s
		_openLED
		_rand
		_setLED
 This function is called by:
		Startup code after reset
 This function uses a non-reentrant model


 *************** function _setLED *****************
 Defined at:
		line 47 in file "led.h"
 Parameters:    Size  Location     Type
  value           1    wreg     unsigned char 
 Auto vars:     Size  Location     Type
  value           1   35[COMRAM] unsigned char 
 Return value:  Size  Location     Type
		None               void
 Registers used:
		wreg
 Tracked objects:
		On entry : 
		On exit  : 
		Unchanged: 
 Data sizes:     COMRAM   BANK0   BANK1
      Params:         0       0       0
      Locals:         1       0       0
      Temps:          0       0       0
      Totals:         1       0       0
Total ram usage:        1 bytes
 Hardware stack levels used:    1
 Hardware stack levels required when called:    3
 This function calls:
		Nothing
 This function is called by:
		_main
 This function uses a non-reentrant model


 *************** function _rand *****************
 Defined at:
		line 13 in file "C:\Program Files (x86)\Microchip\xc8\v1.33\sources\common\rand.c"
 Parameters:    Size  Location     Type
		None
 Auto vars:     Size  Location     Type
		None
 Return value:  Size  Location     Type
                  2   47[COMRAM] int 
 Registers used:
		wreg, status,2, status,0, cstack
 Tracked objects:
		On entry : 
		On exit  : 
		Unchanged: 
 Data sizes:     COMRAM   BANK0   BANK1
      Params:         2       0       0
      Locals:         0       0       0
      Temps:          4       0       0
      Totals:         6       0       0
Total ram usage:        6 bytes
 Hardware stack levels used:    1
 Hardware stack levels required when called:    4
 This function calls:
		___lmul
		_srand
 This function is called by:
		_main
 This function uses a non-reentrant model


 *************** function _srand *****************
 Defined at:
		line 7 in file "C:\Program Files (x86)\Microchip\xc8\v1.33\sources\common\rand.c"
 Parameters:    Size  Location     Type
  x               2   35[COMRAM] unsigned int 
 Auto vars:     Size  Location     Type
		None
 Return value:  Size  Location     Type
		None               void
 Registers used:
		wreg, status,2
 Tracked objects:
		On entry : 
		On exit  : 
		Unchanged: 
 Data sizes:     COMRAM   BANK0   BANK1
      Params:         2       0       0
      Locals:         0       0       0
      Temps:          0       0       0
      Totals:         2       0       0
Total ram usage:        2 bytes
 Hardware stack levels used:    1
 Hardware stack levels required when called:    3
 This function calls:
		Nothing
 This function is called by:
		_rand
 This function uses a non-reentrant model


 *************** function ___lmul *****************
 Defined at:
		line 15 in file "C:\Program Files (x86)\Microchip\xc8\v1.33\sources\common\Umul32.c"
 Parameters:    Size  Location     Type
  multiplier      4   35[COMRAM] unsigned long 
  multiplicand    4   39[COMRAM] unsigned long 
 Auto vars:     Size  Location     Type
  product         4   43[COMRAM] unsigned long 
 Return value:  Size  Location     Type
                  4   35[COMRAM] unsigned long 
 Registers used:
		wreg, status,2, status,0
 Tracked objects:
		On entry : 
		On exit  : 
		Unchanged: 
 Data sizes:     COMRAM   BANK0   BANK1
      Params:         8       0       0
      Locals:         4       0       0
      Temps:          0       0       0
      Totals:        12       0       0
Total ram usage:       12 bytes
 Hardware stack levels used:    1
 Hardware stack levels required when called:    3
 This function calls:
		Nothing
 This function is called by:
		_rand
 This function uses a non-reentrant model


 *************** function _openLED *****************
 Defined at:
		line 28 in file "led.h"
 Parameters:    Size  Location     Type
		None
 Auto vars:     Size  Location     Type
		None
 Return value:  Size  Location     Type
		None               void
 Registers used:
		wreg, status,2
 Tracked objects:
		On entry : 
		On exit  : 
		Unchanged: 
 Data sizes:     COMRAM   BANK0   BANK1
      Params:         0       0       0
      Locals:         0       0       0
      Temps:          0       0       0
      Totals:         0       0       0
Total ram usage:        0 bytes
 Hardware stack levels used:    1
 Hardware stack levels required when called:    3
 This function calls:
		Nothing
 This function is called by:
		_main
 This function uses a non-reentrant model


 *************** function _delay_s *****************
 Defined at:
		line 37 in file "delay.h"
 Parameters:    Size  Location     Type
  x               2   37[COMRAM] unsigned int 
 Auto vars:     Size  Location     Type
		None
 Return value:  Size  Location     Type
		None               void
 Registers used:
		wreg, status,2, status,0, prodl, prodh, cstack
 Tracked objects:
		On entry : 
		On exit  : 
		Unchanged: 
 Data sizes:     COMRAM   BANK0   BANK1
      Params:         2       0       0
      Locals:         0       0       0
      Temps:          0       0       0
      Totals:         2       0       0
Total ram usage:        2 bytes
 Hardware stack levels used:    1
 Hardware stack levels required when called:    4
 This function calls:
		_Delay10KTCYx
 This function is called by:
		_main
 This function uses a non-reentrant model


 *************** function _delay_ms *****************
 Defined at:
		line 27 in file "delay.h"
 Parameters:    Size  Location     Type
  x               2   37[COMRAM] unsigned int 
 Auto vars:     Size  Location     Type
		None
 Return value:  Size  Location     Type
		None               void
 Registers used:
		wreg, status,2, status,0, cstack
 Tracked objects:
		On entry : 
		On exit  : 
		Unchanged: 
 Data sizes:     COMRAM   BANK0   BANK1
      Params:         2       0       0
      Locals:         0       0       0
      Temps:          2       0       0
      Totals:         4       0       0
Total ram usage:        4 bytes
 Hardware stack levels used:    1
 Hardware stack levels required when called:    4
 This function calls:
		_Delay10KTCYx
 This function is called by:
		_main
 This function uses a non-reentrant model


 *************** function _Delay10KTCYx *****************
 Defined at:
		line 8 in file "C:\Program Files (x86)\Microchip\xc8\v1.33\sources\pic18\d10ktcyx.c"
 Parameters:    Size  Location     Type
  unit            1    wreg     unsigned char 
 Auto vars:     Size  Location     Type
  unit            1   36[COMRAM] unsigned char 
 Return value:  Size  Location     Type
		None               void
 Registers used:
		wreg
 Tracked objects:
		On entry : 
		On exit  : 
		Unchanged: 
 Data sizes:     COMRAM   BANK0   BANK1
      Params:         0       0       0
      Locals:         1       0       0
      Temps:          1       0       0
      Totals:         2       0       0
Total ram usage:        2 bytes
 Hardware stack levels used:    1
 Hardware stack levels required when called:    3
 This function calls:
		Nothing
 This function is called by:
		_delay_ms
		_delay_s
 This function uses a non-reentrant model


 *************** function ___lwdiv *****************
 Defined at:
		line 8 in file "C:\Program Files (x86)\Microchip\xc8\v1.33\sources\common\lwdiv.c"
 Parameters:    Size  Location     Type
  dividend        2   35[COMRAM] unsigned int 
  divisor         2   37[COMRAM] unsigned int 
 Auto vars:     Size  Location     Type
  quotient        2   39[COMRAM] unsigned int 
  counter         1   41[COMRAM] unsigned char 
 Return value:  Size  Location     Type
                  2   35[COMRAM] unsigned int 
 Registers used:
		wreg, status,2, status,0
 Tracked objects:
		On entry : 
		On exit  : 
		Unchanged: 
 Data sizes:     COMRAM   BANK0   BANK1
      Params:         4       0       0
      Locals:         3       0       0
      Temps:          0       0       0
      Totals:         7       0       0
Total ram usage:        7 bytes
 Hardware stack levels used:    1
 Hardware stack levels required when called:    3
 This function calls:
		Nothing
 This function is called by:
		_main
 This function uses a non-reentrant model


 *************** function _TriggerRightSRF04 *****************
 Defined at:
		line 85 in file "srf04.h"
 Parameters:    Size  Location     Type
		None
 Auto vars:     Size  Location     Type
		None
 Return value:  Size  Location     Type
		None               void
 Registers used:
		wreg
 Tracked objects:
		On entry : 
		On exit  : 
		Unchanged: 
 Data sizes:     COMRAM   BANK0   BANK1
      Params:         0       0       0
      Locals:         0       0       0
      Temps:          0       0       0
      Totals:         0       0       0
Total ram usage:        0 bytes
 Hardware stack levels used:    1
 Hardware stack levels required when called:    3
 This function calls:
		Nothing
 This function is called by:
		_main
 This function uses a non-reentrant model


 *************** function _TriggerLeftSRF04 *****************
 Defined at:
		line 99 in file "srf04.h"
 Parameters:    Size  Location     Type
		None
 Auto vars:     Size  Location     Type
		None
 Return value:  Size  Location     Type
		None               void
 Registers used:
		wreg
 Tracked objects:
		On entry : 
		On exit  : 
		Unchanged: 
 Data sizes:     COMRAM   BANK0   BANK1
      Params:         0       0       0
      Locals:         0       0       0
      Temps:          0       0       0
      Totals:         0       0       0
Total ram usage:        0 bytes
 Hardware stack levels used:    1
 Hardware stack levels required when called:    3
 This function calls:
		Nothing
 This function is called by:
		_main
 This function uses a non-reentrant model


 *************** function _Runlchb100 *****************
 Defined at:
		line 104 in file "lcbh100.h"
 Parameters:    Size  Location     Type
  starboard       2   45[COMRAM] int 
  port            2   47[COMRAM] int 
 Auto vars:     Size  Location     Type
		None
 Return value:  Size  Location     Type
                  2   45[COMRAM] int 
 Registers used:
		wreg, status,2, status,0, prodl, cstack
 Tracked objects:
		On entry : 
		On exit  : 
		Unchanged: 
 Data sizes:     COMRAM   BANK0   BANK1
      Params:         4       0       0
      Locals:         0       0       0
      Temps:          0       0       0
      Totals:         4       0       0
Total ram usage:        4 bytes
 Hardware stack levels used:    1
 Hardware stack levels required when called:    4
 This function calls:
		_Closelchb100
		_SetDCPWM1
		_SetDCPWM2
		_abs
 This function is called by:
		_main
 This function uses a non-reentrant model


 *************** function _abs *****************
 Defined at:
		line 4 in file "C:\Program Files (x86)\Microchip\xc8\v1.33\sources\common\abs.c"
 Parameters:    Size  Location     Type
  a               2   35[COMRAM] int 
 Auto vars:     Size  Location     Type
		None
 Return value:  Size  Location     Type
                  2   35[COMRAM] int 
 Registers used:
		wreg, status,2, status,0, prodl
 Tracked objects:
		On entry : 
		On exit  : 
		Unchanged: 
 Data sizes:     COMRAM   BANK0   BANK1
      Params:         2       0       0
      Locals:         0       0       0
      Temps:          2       0       0
      Totals:         4       0       0
Total ram usage:        4 bytes
 Hardware stack levels used:    1
 Hardware stack levels required when called:    3
 This function calls:
		Nothing
 This function is called by:
		_Runlchb100
 This function uses a non-reentrant model


 *************** function _SetDCPWM2 *****************
 Defined at:
		line 7 in file "C:\Program Files (x86)\Microchip\xc8\v1.33\sources\pic18\plib\PWM\pw2setdc.c"
 Parameters:    Size  Location     Type
  dutycycle       2   39[COMRAM] unsigned int 
 Auto vars:     Size  Location     Type
  DCycle          2   43[COMRAM] struct PWMDC
 Return value:  Size  Location     Type
		None               void
 Registers used:
		wreg, status,2, status,0
 Tracked objects:
		On entry : 
		On exit  : 
		Unchanged: 
 Data sizes:     COMRAM   BANK0   BANK1
      Params:         2       0       0
      Locals:         2       0       0
      Temps:          2       0       0
      Totals:         6       0       0
Total ram usage:        6 bytes
 Hardware stack levels used:    1
 Hardware stack levels required when called:    3
 This function calls:
		Nothing
 This function is called by:
		_Runlchb100
 This function uses a non-reentrant model


 *************** function _SetDCPWM1 *****************
 Defined at:
		line 7 in file "C:\Program Files (x86)\Microchip\xc8\v1.33\sources\pic18\plib\PWM\pw1setdc.c"
 Parameters:    Size  Location     Type
  dutycycle       2   39[COMRAM] unsigned int 
 Auto vars:     Size  Location     Type
  DCycle          2   43[COMRAM] struct PWMDC
 Return value:  Size  Location     Type
		None               void
 Registers used:
		wreg, status,2, status,0
 Tracked objects:
		On entry : 
		On exit  : 
		Unchanged: 
 Data sizes:     COMRAM   BANK0   BANK1
      Params:         2       0       0
      Locals:         2       0       0
      Temps:          2       0       0
      Totals:         6       0       0
Total ram usage:        6 bytes
 Hardware stack levels used:    1
 Hardware stack levels required when called:    3
 This function calls:
		Nothing
 This function is called by:
		_Runlchb100
 This function uses a non-reentrant model


 *************** function _Closelchb100 *****************
 Defined at:
		line 84 in file "lcbh100.h"
 Parameters:    Size  Location     Type
		None
 Auto vars:     Size  Location     Type
		None
 Return value:  Size  Location     Type
                  2   87[COMRAM] int 
 Registers used:
		None
 Tracked objects:
		On entry : 
		On exit  : 
		Unchanged: 
 Data sizes:     COMRAM   BANK0   BANK1
      Params:         0       0       0
      Locals:         0       0       0
      Temps:          0       0       0
      Totals:         0       0       0
Total ram usage:        0 bytes
 Hardware stack levels used:    1
 Hardware stack levels required when called:    3
 This function calls:
		Nothing
 This function is called by:
		_Runlchb100
		_main
 This function uses a non-reentrant model


 *************** function _Openlchb100 *****************
 Defined at:
		line 49 in file "lcbh100.h"
 Parameters:    Size  Location     Type
		None
 Auto vars:     Size  Location     Type
		None
 Return value:  Size  Location     Type
                  2   84[COMRAM] int 
 Registers used:
		wreg, status,2, status,0, tblptrl, tblptrh, tblptru, cstack
 Tracked objects:
		On entry : 
		On exit  : 
		Unchanged: 
 Data sizes:     COMRAM   BANK0   BANK1
      Params:         0       0       0
      Locals:         0       0       0
      Temps:          0       0       0
      Totals:         0       0       0
Total ram usage:        0 bytes
 Hardware stack levels used:    1
 Hardware stack levels required when called:    4
 This function calls:
		_OpenPWM1
		_OpenPWM2
		_OpenTimer2
 This function is called by:
		_main
 This function uses a non-reentrant model


 *************** function _OpenTimer2 *****************
 Defined at:
		line 17 in file "C:\Program Files (x86)\Microchip\xc8\v1.33\sources\pic18\plib\Timers\t2open.c"
 Parameters:    Size  Location     Type
  config          1    wreg     unsigned char 
 Auto vars:     Size  Location     Type
  config          1   35[COMRAM] unsigned char 
 Return value:  Size  Location     Type
		None               void
 Registers used:
		wreg, status,2, status,0
 Tracked objects:
		On entry : 
		On exit  : 
		Unchanged: 
 Data sizes:     COMRAM   BANK0   BANK1
      Params:         0       0       0
      Locals:         1       0       0
      Temps:          0       0       0
      Totals:         1       0       0
Total ram usage:        1 bytes
 Hardware stack levels used:    1
 Hardware stack levels required when called:    3
 This function calls:
		Nothing
 This function is called by:
		_Openlchb100
 This function uses a non-reentrant model


 *************** function _OpenPWM2 *****************
 Defined at:
		line 18 in file "C:\Program Files (x86)\Microchip\xc8\v1.33\sources\pic18\plib\PWM\pw2open.c"
 Parameters:    Size  Location     Type
  period          1    wreg     unsigned char 
 Auto vars:     Size  Location     Type
  period          1   36[COMRAM] unsigned char 
  ccp2mx          1   37[COMRAM] unsigned char 
  pmmode          1    0        unsigned char 
 Return value:  Size  Location     Type
		None               void
 Registers used:
		wreg, status,2, tblptrl, tblptrh, tblptru
 Tracked objects:
		On entry : 
		On exit  : 
		Unchanged: 
 Data sizes:     COMRAM   BANK0   BANK1
      Params:         0       0       0
      Locals:         2       0       0
      Temps:          1       0       0
      Totals:         3       0       0
Total ram usage:        3 bytes
 Hardware stack levels used:    1
 Hardware stack levels required when called:    3
 This function calls:
		Nothing
 This function is called by:
		_Openlchb100
 This function uses a non-reentrant model


 *************** function _OpenPWM1 *****************
 Defined at:
		line 8 in file "C:\Program Files (x86)\Microchip\xc8\v1.33\sources\pic18\plib\PWM\pw1open.c"
 Parameters:    Size  Location     Type
  period          1    wreg     unsigned char 
 Auto vars:     Size  Location     Type
  period          1   35[COMRAM] unsigned char 
 Return value:  Size  Location     Type
		None               void
 Registers used:
		wreg, status,2, status,0
 Tracked objects:
		On entry : 
		On exit  : 
		Unchanged: 
 Data sizes:     COMRAM   BANK0   BANK1
      Params:         0       0       0
      Locals:         1       0       0
      Temps:          0       0       0
      Totals:         1       0       0
Total ram usage:        1 bytes
 Hardware stack levels used:    1
 Hardware stack levels required when called:    3
 This function calls:
		Nothing
 This function is called by:
		_Openlchb100
 This function uses a non-reentrant model


 *************** function _OpenSRF04 *****************
 Defined at:
		line 31 in file "srf04.h"
 Parameters:    Size  Location     Type
		None
 Auto vars:     Size  Location     Type
		None
 Return value:  Size  Location     Type
		None               void
 Registers used:
		wreg, status,2, status,0, cstack
 Tracked objects:
		On entry : 
		On exit  : 
		Unchanged: 
 Data sizes:     COMRAM   BANK0   BANK1
      Params:         0       0       0
      Locals:         0       0       0
      Temps:          0       0       0
      Totals:         0       0       0
Total ram usage:        0 bytes
 Hardware stack levels used:    1
 Hardware stack levels required when called:    4
 This function calls:
		_OpenTimer0
 This function is called by:
		_main
 This function uses a non-reentrant model


 *************** function _OpenTimer0 *****************
 Defined at:
		line 18 in file "C:\Program Files (x86)\Microchip\xc8\v1.33\sources\pic18\plib\Timers\t0open.c"
 Parameters:    Size  Location     Type
  config          1    wreg     unsigned char 
 Auto vars:     Size  Location     Type
  config          1   35[COMRAM] unsigned char 
 Return value:  Size  Location     Type
		None               void
 Registers used:
		wreg, status,2, status,0
 Tracked objects:
		On entry : 
		On exit  : 
		Unchanged: 
 Data sizes:     COMRAM   BANK0   BANK1
      Params:         0       0       0
      Locals:         1       0       0
      Temps:          0       0       0
      Totals:         1       0       0
Total ram usage:        1 bytes
 Hardware stack levels used:    1
 Hardware stack levels required when called:    3
 This function calls:
		Nothing
 This function is called by:
		_OpenSRF04
 This function uses a non-reentrant model


 *************** function _lowISR *****************
 Defined at:
		line 30 in file "Main.c"
 Parameters:    Size  Location     Type
		None
 Auto vars:     Size  Location     Type
		None
 Return value:  Size  Location     Type
		None               void
 Registers used:
		wreg, status,2, status,0, cstack
 Tracked objects:
		On entry : 
		On exit  : 
		Unchanged: 
 Data sizes:     COMRAM   BANK0   BANK1
      Params:         0       0       0
      Locals:         0       0       0
      Temps:         17       0       0
      Totals:        17       0       0
Total ram usage:       17 bytes
 Hardware stack levels used:    1
 Hardware stack levels required when called:    2
 This function calls:
		_ReadTimer0
		_WriteTimer0
 This function is called by:
		Interrupt level 1
 This function uses a non-reentrant model


 *************** function _WriteTimer0 *****************
 Defined at:
		line 16 in file "C:\Program Files (x86)\Microchip\xc8\v1.33\sources\pic18\plib\Timers\t0write.c"
 Parameters:    Size  Location     Type
  timer0          2   14[COMRAM] unsigned int 
 Auto vars:     Size  Location     Type
  timer           2   16[COMRAM] struct Timers
 Return value:  Size  Location     Type
		None               void
 Registers used:
		None
 Tracked objects:
		On entry : 
		On exit  : 
		Unchanged: 
 Data sizes:     COMRAM   BANK0   BANK1
      Params:         2       0       0
      Locals:         2       0       0
      Temps:          0       0       0
      Totals:         4       0       0
Total ram usage:        4 bytes
 Hardware stack levels used:    1
 Hardware stack levels required when called:    1
 This function calls:
		Nothing
 This function is called by:
		_lowISR
 This function uses a non-reentrant model


 *************** function _ReadTimer0 *****************
 Defined at:
		line 16 in file "C:\Program Files (x86)\Microchip\xc8\v1.33\sources\pic18\plib\Timers\t0read.c"
 Parameters:    Size  Location     Type
		None
 Auto vars:     Size  Location     Type
  timer           2   16[COMRAM] struct Timers
 Return value:  Size  Location     Type
                  2   14[COMRAM] unsigned int 
 Registers used:
		None
 Tracked objects:
		On entry : 
		On exit  : 
		Unchanged: 
 Data sizes:     COMRAM   BANK0   BANK1
      Params:         2       0       0
      Locals:         2       0       0
      Temps:          0       0       0
      Totals:         4       0       0
Total ram usage:        4 bytes
 Hardware stack levels used:    1
 Hardware stack levels required when called:    1
 This function calls:
		Nothing
 This function is called by:
		_lowISR
 This function uses a non-reentrant model


 *************** function _highISR *****************
 Defined at:
		line 67 in file "Main.c"
 Parameters:    Size  Location     Type
		None
 Auto vars:     Size  Location     Type
		None
 Return value:  Size  Location     Type
		None               void
 Registers used:
		status,2, status,0
 Tracked objects:
		On entry : 
		On exit  : 
		Unchanged: 
 Data sizes:     COMRAM   BANK0   BANK1
      Params:         0       0       0
      Locals:         0       0       0
      Temps:         14       0       0
      Totals:        14       0       0
Total ram usage:       14 bytes
 Hardware stack levels used:    1
 This function calls:
		Nothing
 This function is called by:
		Interrupt level 2
 This function uses a non-reentrant model



MODULE INFORMATION

Module		Function		Class		Link	Load	Size
C:\Program Files (x86)\Microchip\xc8\v1.33\sources\pic18\plib\Timers\t0read.c
		_ReadTimer0    		CODE           	07E2	0000	18

C:\Program Files (x86)\Microchip\xc8\v1.33\sources\pic18\plib\Timers\t0read.c estimated size: 18

delay.h
		_delay_ms      		CODE           	06F8	0000	34
		_delay_s       		CODE           	07F4	0000	12

delay.h estimated size: 46

C:\Program Files (x86)\Microchip\xc8\v1.33\sources\pic18\plib\Timers\t2open.c
		_OpenTimer2    		CODE           	077A	0000	28

C:\Program Files (x86)\Microchip\xc8\v1.33\sources\pic18\plib\Timers\t2open.c estimated size: 28

C:\Program Files (x86)\Microchip\xc8\v1.33\sources\common\rand.c
		_srand         		CODE           	07AC	0000	18
		_rand          		CODE           	0490	0000	106

C:\Program Files (x86)\Microchip\xc8\v1.33\sources\common\rand.c estimated size: 124

C:\Program Files (x86)\Microchip\xc8\v1.33\sources\pic18\plib\PWM\pw2setdc.c
		_SetDCPWM2     		CODE           	05A2	0000	58

C:\Program Files (x86)\Microchip\xc8\v1.33\sources\pic18\plib\PWM\pw2setdc.c estimated size: 58

C:\Program Files (x86)\Microchip\xc8\v1.33\sources\common\Umul32.c
		___lmul        		CODE           	04FA	0000	86

C:\Program Files (x86)\Microchip\xc8\v1.33\sources\common\Umul32.c estimated size: 86

C:\Program Files (x86)\Microchip\xc8\v1.33\sources\pic18\d10ktcyx.c
		_Delay10KTCYx  		CODE           	0796	0000	22

C:\Program Files (x86)\Microchip\xc8\v1.33\sources\pic18\d10ktcyx.c estimated size: 22

C:\Program Files (x86)\Microchip\xc8\v1.33\sources\common\lwdiv.c
		___lwdiv       		CODE           	0550	0000	82

C:\Program Files (x86)\Microchip\xc8\v1.33\sources\common\lwdiv.c estimated size: 82

Main.c
		_main          		CODE           	0108	0000	616
		_highISR       		CODE           	0008	0000	1160
		_lowISR        		CODE           	0018	0000	236

Main.c estimated size: 2012

shared
		__initializatio		CODE           	06D4	0000	30

shared estimated size: 30

srf04.h
		_TriggerLeftSRF		CODE           	06AE	0000	38
		_OpenSRF04     		CODE           	073A	0000	32
		_TriggerRightSR		CODE           	0688	0000	38

srf04.h estimated size: 108

C:\Program Files (x86)\Microchip\xc8\v1.33\sources\pic18\plib\Timers\t0write.c
		_WriteTimer0   		CODE           	07D0	0000	18

C:\Program Files (x86)\Microchip\xc8\v1.33\sources\pic18\plib\Timers\t0write.c estimated size: 18

C:\Program Files (x86)\Microchip\xc8\v1.33\sources\pic18\plib\PWM\pw1setdc.c
		_SetDCPWM1     		CODE           	05DC	0000	58

C:\Program Files (x86)\Microchip\xc8\v1.33\sources\pic18\plib\PWM\pw1setdc.c estimated size: 58

lcbh100.h
		_Openlchb100   		CODE           	071A	0000	32
		_Closelchb100  		CODE           	0800	0000	10
		_Runlchb100    		CODE           	0370	0000	176

lcbh100.h estimated size: 218

C:\Program Files (x86)\Microchip\xc8\v1.33\sources\pic18\plib\Timers\t0open.c
		_OpenTimer0    		CODE           	075A	0000	32

C:\Program Files (x86)\Microchip\xc8\v1.33\sources\pic18\plib\Timers\t0open.c estimated size: 32

C:\Program Files (x86)\Microchip\xc8\v1.33\sources\pic18\plib\PWM\pw2open.c
		_OpenPWM2      		CODE           	0616	0000	58

C:\Program Files (x86)\Microchip\xc8\v1.33\sources\pic18\plib\PWM\pw2open.c estimated size: 58

C:\Program Files (x86)\Microchip\xc8\v1.33\sources\common\abs.c
		_abs           		CODE           	0650	0000	56

C:\Program Files (x86)\Microchip\xc8\v1.33\sources\common\abs.c estimated size: 56

C:\Program Files (x86)\Microchip\xc8\v1.33\sources\pic18\plib\PWM\pw1open.c
		_OpenPWM1      		CODE           	07BE	0000	18

C:\Program Files (x86)\Microchip\xc8\v1.33\sources\pic18\plib\PWM\pw1open.c estimated size: 18

led.h
		_openLED       		CODE           	0812	0000	6
		_setLED        		CODE           	080A	0000	8

led.h estimated size: 14

