Microchip MPLAB XC8 Compiler V1.33 ()

Linker command line:

--edf=C:\Program Files (x86)\Microchip\xc8\v1.33\dat\en_msgs.txt -cs \
  -h+dist/default/production\Lab8.X.production.sym \
  --cmf=dist/default/production\Lab8.X.production.cmf -z -Q18F4320 \
  -oC:\Users\haskins\AppData\Local\Temp\sb74.6 \
  -Mdist/default/production/Lab8.X.production.map -E1 -ver=XC8 \
  -ASTACK=0A7h-01ffh -pstack=STACK -ACODE=00h-01FFFh -ACONST=00h-01FFFh \
  -ASMALLCONST=0200h-02FFhx30 -AMEDIUMCONST=0200h-01FFFh -ACOMRAM=01h-07Fh \
  -AABS1=00h-01FFh -ABIGRAM=01h-01FFh -ARAM=080h-0FFh,0100h-01FFh \
  -ABANK0=080h-0FFh -ABANK1=0100h-01FFh -ASFR=0F80h-0FFFh \
  -preset_vec=00h,intcode=08h,intcodelo=018h,powerup,init,end_init \
  -pramtop=0200h -psmallconst=SMALLCONST -pmediumconst=MEDIUMCONST \
  -pconst=CONST -AFARRAM=00h-00h -ACONFIG=0300000h-030000Dh -pconfig=CONFIG \
  -AIDLOC=0200000h-0200007h -pidloc=IDLOC -AEEDATA=0F00000h-0F000FFh \
  -peeprom_data=EEDATA \
  -prdata=COMRAM,nvrram=COMRAM,nvbit=COMRAM,rbss=COMRAM,rbit=COMRAM \
  -pfarbss=FARRAM,fardata=FARRAM,nvFARRAM=FARRAM \
  -pintsave_regs=BIGRAM,bigbss=BIGRAM,bigdata=BIGRAM -pbss=RAM \
  -pidata=CODE,irdata=CODE,ibigdata=CODE,ifardata=CODE \
  C:\Users\haskins\AppData\Local\Temp\sb74.obj \
  dist/default/production\Lab8.X.production.obj 

Object code version is 3.11

Machine type is 18F4320

Call graph: (short form)




                Name                               Link     Load   Length Selector   Space Scale
C:\Users\haskins\AppData\Local\Temp\sb74.obj
                end_init                            104      104        4        C       0
                reset_vec                             0        0        4        0       0
                idloc                            200000   200000        8   200000       0
                config                           300000   300000        E   300000       0
dist/default/production\Lab8.X.production.obj
                intcodelo                            18       18       EC        C       0
                intcode                               8        8       10        4       0
                intcode_body                        DD0      DD0       70        C       0
                text34                             1246     1246       12        C       0
                text33                             1234     1234       12        C       0
                text31                             11BE     11BE       1E        C       0
                text30                             120E     120E       14        C       0
                text29                             119E     119E       20        C       0
                text28                             117E     117E       20        C       0
                text27                             1222     1222       12        C       0
                text26                             1008     1008       3A        C       0
                text25                             11DC     11DC       1C        C       0
                text24                             115E     115E       20        C       0
                text23                             10A4     10A4       28        C       0
                text22                             1268     1268       10        C       0
                text21                              E40      E40       64        C       0
                text20                              EA4      EA4       56        C       0
                text19                             1284     1284        A        C       0
                text18                              FCE      FCE       3A        C       0
                text17                              F94      F94       3A        C       0
                text16                             1042     1042       38        C       0
                text15                              C78      C78       B0        C       0
                text14                             10F2     10F2       26        C       0
                text13                             10CC     10CC       26        C       0
                text12                              D28      D28       A8        C       0
                text11                              F4C      F4C       48        C       0
                text10                              AC0      AC0       E4        C       0
                text9                               BA4      BA4       D4        C       0
                text8                               EFA      EFA       52        C       0
                text7                              1258     1258       10        C       0
                text6                              107A     107A       2A        C       0
                text5                              11F8     11F8       16        C       0
                text4                              113C     113C       22        C       0
                text3                              1278     1278        C        C       0
                text2                              1296     1296        6        C       0
                text1                              128E     128E        8        C       0
                text0                               108      108      9B8        C       0
                cstackCOMRAM                          1        1       52        1       1
                cstackBANK0                          80       80       27       80       1
                dataCOMRAM                           5A       5A        1        1       1
                bssCOMRAM                            53       53        7        1       1
                cinit                              1118     1118       24        C       0
                idataCOMRAM                        129C     129C        1        C       0

TOTAL           Name                               Link     Load   Length     Space
        CLASS   STACK          

        CLASS   CODE           
                end_init                            104      104        4         0
                intcodelo                            18       18       EC         0
                intcode                               8        8       10         0
                reset_vec                             0        0        4         0
                intcode_body                        DD0      DD0       70         0
                text34                             1246     1246       12         0
                text33                             1234     1234       12         0
                text31                             11BE     11BE       1E         0
                text30                             120E     120E       14         0
                text29                             119E     119E       20         0
                text28                             117E     117E       20         0
                text27                             1222     1222       12         0
                text26                             1008     1008       3A         0
                text25                             11DC     11DC       1C         0
                text24                             115E     115E       20         0
                text23                             10A4     10A4       28         0
                text22                             1268     1268       10         0
                text21                              E40      E40       64         0
                text20                              EA4      EA4       56         0
                text19                             1284     1284        A         0
                text18                              FCE      FCE       3A         0
                text17                              F94      F94       3A         0
                text16                             1042     1042       38         0
                text15                              C78      C78       B0         0
                text14                             10F2     10F2       26         0
                text13                             10CC     10CC       26         0
                text12                              D28      D28       A8         0
                text11                              F4C      F4C       48         0
                text10                              AC0      AC0       E4         0
                text9                               BA4      BA4       D4         0
                text8                               EFA      EFA       52         0
                text7                              1258     1258       10         0
                text6                              107A     107A       2A         0
                text5                              11F8     11F8       16         0
                text4                              113C     113C       22         0
                text3                              1278     1278        C         0
                text2                              1296     1296        6         0
                text1                              128E     128E        8         0
                text0                               108      108      9B8         0
                cinit                              1118     1118       24         0
                idataCOMRAM                        129C     129C        1         0

        CLASS   CONST          

        CLASS   SMALLCONST     

        CLASS   MEDIUMCONST    

        CLASS   COMRAM         
                cstackCOMRAM                          1        1       52         1
                dataCOMRAM                           5A       5A        1         1
                bssCOMRAM                            53       53        7         1

        CLASS   ABS1           

        CLASS   BIGRAM         

        CLASS   RAM            

        CLASS   BANK0          
                cstackBANK0                          80       80       27         1

        CLASS   BANK1          

        CLASS   SFR            

        CLASS   FARRAM         

        CLASS   CONFIG         
                config                           300000   300000        E         0

        CLASS   IDLOC          
                idloc                            200000   200000        8         0

        CLASS   EEDATA         



SEGMENTS        Name                           Load    Length   Top    Selector   Space  Class

                reset_vec                      000000  000004  000004         0       0  CODE    
                cstackCOMRAM                   000001  00005A  00005B         1       1  COMRAM  
                intcode                        000008  000010  000018         4       0  CODE    
                intcodelo                      000018  001285  00129D         C       0  CODE    
                cstackBANK0                    000080  000027  0000A7        80       1  BANK0   
                idloc                          200000  000008  200008    200000       0  IDLOC   
                config                         300000  00000E  30000E    300000       0  CONFIG  


UNUSED ADDRESS RANGES

        Name                Unused          Largest block    Delta
        BANK0            0000A7-0000FF               59
        BANK1            000100-0001FF              100
        BIGRAM           00005B-00007F               25
                         0000A7-0001FF              159
        CODE             000004-000007                4
                         00129D-001FFF              D63
        COMRAM           00005B-00007F               25
        CONST            000004-000007                4
                         00129D-001FFF              D63
        EEDATA           F00000-F000FF              100
        MEDIUMCONST      00129D-001FFF              D63
        RAM              0000A7-0001FF               59
        SFR              000F80-000FFF               80
        SMALLCONST       00129D-001FFF              100
        STACK            0000A7-0001FF              159

                                  Symbol Table

?_ReadTimer0                cstackCOMRAM 00000F
?___awtoft                  cstackCOMRAM 00002C
?___ftmul                   cstackCOMRAM 000030
?___ftpack                  cstackCOMRAM 000024
?___fttol                   cstackCOMRAM 00003F
?___lwdiv                   cstackCOMRAM 000024
?_abs                       cstackCOMRAM 000024
Delay10KTCYx@unit           cstackCOMRAM 000025
Delay10TCYx@unit            cstackCOMRAM 000024
OpenI2C@slew                cstackCOMRAM 000024
OpenI2C@sync_mode           cstackCOMRAM 000025
OpenPWM1@period             cstackCOMRAM 000024
OpenPWM2@ccp2mx             cstackCOMRAM 000026
OpenPWM2@period             cstackCOMRAM 000025
OpenTimer0@config           cstackCOMRAM 000024
OpenTimer2@config           cstackCOMRAM 000024
ReadCMPS03@byte             cstackCOMRAM 000027
ReadTimer0@timer            cstackCOMRAM 000011
Runlchb100@port             cstackCOMRAM 000030
Runlchb100@starboard        cstackCOMRAM 00002E
SetDCPWM1@DCycle            cstackCOMRAM 00002C
SetDCPWM1@dutycycle         cstackCOMRAM 000028
SetDCPWM2@DCycle            cstackCOMRAM 00002C
SetDCPWM2@dutycycle         cstackCOMRAM 000028
WriteI2C@data_out           cstackCOMRAM 000026
WriteTimer0@timer           cstackCOMRAM 000011
WriteTimer0@timer0          cstackCOMRAM 00000F
_ADCON1                     (abs)        000FC1
_CCP1CON                    (abs)        000FBD
_CCP2CON                    (abs)        000FBA
_CCPR1L                     (abs)        000FBE
_CCPR2L                     (abs)        000FBB
_Closelchb100               text19       001284
_DDRAbits                   (abs)        000F92
_DDRD                       (abs)        000F95
_Delay10KTCYx               text5        0011F8
_Delay10TCYx                text7        001258
_INTCON2bits                (abs)        000FF1
_INTCONbits                 (abs)        000FF2
_IPR2bits                   (abs)        000FA2
_IdleI2C                    text22       001268
_LATAbits                   (abs)        000F89
_LATBbits                   (abs)        000F8A
_LATD                       (abs)        000F8C
_OpenCMPS03                 text30       00120E
_OpenI2C                    text31       0011BE
_OpenPWM1                   text27       001222
_OpenPWM2                   text26       001008
_OpenSRF04                  text28       00117E
_OpenTimer0                 text29       00119E
_OpenTimer2                 text25       0011DC
_Openlchb100                text24       00115E
_PIE1bits                   (abs)        000F9D
_PIE2bits                   (abs)        000FA0
_PIR1bits                   (abs)        000F9E
_PIR2bits                   (abs)        000FA1
_PORTB                      (abs)        000F81
_PORTBbits                  (abs)        000F81
_PR2                        (abs)        000FCB
_RCONbits                   (abs)        000FD0
_ReadCMPS03                 text20       000EA4
_ReadI2C                    text23       0010A4
_ReadTimer0                 text34       001246
_Runlchb100                 text15       000C78
_SSPADD                     (abs)        000FC8
_SSPBUF                     (abs)        000FC9
_SSPCON1                    (abs)        000FC6
_SSPCON1bits                (abs)        000FC6
_SSPCON2                    (abs)        000FC5
_SSPCON2bits                (abs)        000FC5
_SSPSTAT                    (abs)        000FC7
_SSPSTATbits                (abs)        000FC7
_SetDCPWM1                  text18       000FCE
_SetDCPWM2                  text17       000F94
_T0CON                      (abs)        000FD5
_T0CONbits                  (abs)        000FD5
_T2CON                      (abs)        000FCA
_T2CONbits                  (abs)        000FCA
_T3CON                      (abs)        000FB1
_T3CONbits                  (abs)        000FB1
_TMR0H                      (abs)        000FD7
_TMR0L                      (abs)        000FD6
_TMR2                       (abs)        000FCC
_TMR3H                      (abs)        000FB3
_TMR3L                      (abs)        000FB2
_TRISBbits                  (abs)        000F93
_TRISCbits                  (abs)        000F94
_TriggerLeftSRF04           text14       0010F2
_TriggerRightSRF04          text13       0010CC
_WriteI2C                   text21       000E40
_WriteTimer0                text33       001234
__CFG_BOR$ON                (abs)        000000
__CFG_BORV$42               (abs)        000000
__CFG_CCP2MX$ON             (abs)        000000
__CFG_CP0$OFF               (abs)        000000
__CFG_CP1$OFF               (abs)        000000
__CFG_CP2$OFF               (abs)        000000
__CFG_CP3$OFF               (abs)        000000
__CFG_CPB$OFF               (abs)        000000
__CFG_CPD$OFF               (abs)        000000
__CFG_DEBUG$OFF             (abs)        000000
__CFG_EBTR0$OFF             (abs)        000000
__CFG_EBTR1$OFF             (abs)        000000
__CFG_EBTR2$OFF             (abs)        000000
__CFG_EBTR3$OFF             (abs)        000000
__CFG_EBTRB$OFF             (abs)        000000
__CFG_FSCM$OFF              (abs)        000000
__CFG_IESO$OFF              (abs)        000000
__CFG_LVP$OFF               (abs)        000000
__CFG_MCLRE$ON              (abs)        000000
__CFG_OSC$HS                (abs)        000000
__CFG_PBAD$DIG              (abs)        000000
__CFG_PWRT$ON               (abs)        000000
__CFG_STVR$OFF              (abs)        000000
__CFG_WDT$OFF               (abs)        000000
__CFG_WRT0$OFF              (abs)        000000
__CFG_WRT1$OFF              (abs)        000000
__CFG_WRT2$OFF              (abs)        000000
__CFG_WRT3$OFF              (abs)        000000
__CFG_WRTB$OFF              (abs)        000000
__CFG_WRTC$OFF              (abs)        000000
__CFG_WRTD$OFF              (abs)        000000
__HRAM                      (abs)        000000
__Habs1                     abs1         000000
__Hbank0                    bank0        000000
__Hbank1                    bank1        000000
__Hbigbss                   bigbss       000000
__Hbigdata                  bigdata      000000
__Hbigram                   bigram       000000
__Hbss                      bss          000000
__HbssCOMRAM                bssCOMRAM    000000
__Hcinit                    cinit        000000
__Hclrtext                  clrtext      000000
__Hcomram                   comram       000000
__Hconfig                   config       30000E
__Hconst                    const        000000
__HcstackBANK0              cstackBANK0  000000
__HcstackCOMRAM             cstackCOMRAM 000000
__Hdata                     data         000000
__HdataCOMRAM               dataCOMRAM   000000
__Heeprom_data              eeprom_data  000000
__Hend_init                 end_init     000108
__Hfarbss                   farbss       000000
__Hfardata                  fardata      000000
__Hibigdata                 ibigdata     000000
__Hidata                    idata        000000
__HidataCOMRAM              idataCOMRAM  000000
__Hidloc                    idloc        200008
__Hifardata                 ifardata     000000
__Hinit                     init         000104
__Hintcode                  intcode      000018
__Hintcode_body             intcode_body 000000
__Hintcodelo                intcodelo    000104
__Hintentry                 intentry     000000
__Hintret                   intret       000000
__Hintsave_regs             intsave_regs 000000
__Hirdata                   irdata       000000
__Hmediumconst              mediumconst  000000
__HnvFARRAM                 nvFARRAM     000000
__Hnvbit                    nvbit        000000
__Hnvrram                   nvrram       000000
__Hparam                    rparam       000000
__Hpowerup                  powerup      000104
__Hram                      ram          000000
__Hramtop                   ramtop       000200
__Hrbit                     rbit         000000
__Hrbss                     rbss         000000
__Hrdata                    rdata        000000
__Hreset_vec                reset_vec    000004
__Hrparam                   rparam       000000
__Hsfr                      sfr          000000
__Hsmallconst               smallconst   000000
__Hspace_0                  (abs)        30000E
__Hspace_1                  (abs)        0000A7
__Hspace_2                  (abs)        000000
__Hstack                    stack        000000
__Hstruct                   struct       000000
__Htemp                     temp         000000
__Htext                     text         000000
__Htext0                    text0        000000
__Htext1                    text1        000000
__Htext10                   text10       000000
__Htext11                   text11       000000
__Htext12                   text12       000000
__Htext13                   text13       000000
__Htext14                   text14       000000
__Htext15                   text15       000000
__Htext16                   text16       000000
__Htext17                   text17       000000
__Htext18                   text18       000000
__Htext19                   text19       000000
__Htext2                    text2        000000
__Htext20                   text20       000000
__Htext21                   text21       000000
__Htext22                   text22       000000
__Htext23                   text23       000000
__Htext24                   text24       000000
__Htext25                   text25       000000
__Htext26                   text26       000000
__Htext27                   text27       000000
__Htext28                   text28       000000
__Htext29                   text29       000000
__Htext3                    text3        000000
__Htext30                   text30       000000
__Htext31                   text31       000000
__Htext33                   text33       000000
__Htext34                   text34       000000
__Htext4                    text4        000000
__Htext5                    text5        000000
__Htext6                    text6        000000
__Htext7                    text7        000000
__Htext8                    text8        000000
__Htext9                    text9        000000
__LRAM                      (abs)        000001
__Labs1                     abs1         000000
__Lbank0                    bank0        000000
__Lbank1                    bank1        000000
__Lbigbss                   bigbss       000000
__Lbigdata                  bigdata      000000
__Lbigram                   bigram       000000
__Lbss                      bss          000000
__LbssCOMRAM                bssCOMRAM    000000
__Lcinit                    cinit        000000
__Lclrtext                  clrtext      000000
__Lcomram                   comram       000000
__Lconfig                   config       300000
__Lconst                    const        000000
__LcstackBANK0              cstackBANK0  000000
__LcstackCOMRAM             cstackCOMRAM 000000
__Ldata                     data         000000
__LdataCOMRAM               dataCOMRAM   000000
__Leeprom_data              eeprom_data  000000
__Lend_init                 end_init     000104
__Lfarbss                   farbss       000000
__Lfardata                  fardata      000000
__Libigdata                 ibigdata     000000
__Lidata                    idata        000000
__LidataCOMRAM              idataCOMRAM  000000
__Lidloc                    idloc        200000
__Lifardata                 ifardata     000000
__Linit                     init         000104
__Lintcode                  intcode      000008
__Lintcode_body             intcode_body 000000
__Lintcodelo                intcodelo    000018
__Lintentry                 intentry     000000
__Lintret                   intret       000000
__Lintsave_regs             intsave_regs 000000
__Lirdata                   irdata       000000
__Lmediumconst              mediumconst  000000
__LnvFARRAM                 nvFARRAM     000000
__Lnvbit                    nvbit        000000
__Lnvrram                   nvrram       000000
__Lparam                    rparam       000000
__Lpowerup                  powerup      000104
__Lram                      ram          000000
__Lramtop                   ramtop       000200
__Lrbit                     rbit         000000
__Lrbss                     rbss         000000
__Lrdata                    rdata        000000
__Lreset_vec                reset_vec    000000
__Lrparam                   rparam       000000
__Lsfr                      sfr          000000
__Lsmallconst               smallconst   000000
__Lspace_0                  (abs)        000000
__Lspace_1                  (abs)        000000
__Lspace_2                  (abs)        000000
__Lstack                    stack        000000
__Lstruct                   struct       000000
__Ltemp                     temp         000000
__Ltext                     text         000000
__Ltext0                    text0        000000
__Ltext1                    text1        000000
__Ltext10                   text10       000000
__Ltext11                   text11       000000
__Ltext12                   text12       000000
__Ltext13                   text13       000000
__Ltext14                   text14       000000
__Ltext15                   text15       000000
__Ltext16                   text16       000000
__Ltext17                   text17       000000
__Ltext18                   text18       000000
__Ltext19                   text19       000000
__Ltext2                    text2        000000
__Ltext20                   text20       000000
__Ltext21                   text21       000000
__Ltext22                   text22       000000
__Ltext23                   text23       000000
__Ltext24                   text24       000000
__Ltext25                   text25       000000
__Ltext26                   text26       000000
__Ltext27                   text27       000000
__Ltext28                   text28       000000
__Ltext29                   text29       000000
__Ltext3                    text3        000000
__Ltext30                   text30       000000
__Ltext31                   text31       000000
__Ltext33                   text33       000000
__Ltext34                   text34       000000
__Ltext4                    text4        000000
__Ltext5                    text5        000000
__Ltext6                    text6        000000
__Ltext7                    text7        000000
__Ltext8                    text8        000000
__Ltext9                    text9        000000
__S0                        (abs)        30000E
__S1                        (abs)        0000A7
__S2                        (abs)        000000
___awtoft                   text11       000F4C
___awtoft@c                 cstackCOMRAM 00002C
___awtoft@sign              cstackCOMRAM 00002F
___ftmul                    text10       000AC0
___ftmul@cntr               cstackCOMRAM 00003D
___ftmul@exp                cstackCOMRAM 000039
___ftmul@f1                 cstackCOMRAM 000030
___ftmul@f2                 cstackCOMRAM 000033
___ftmul@f3_as_product      cstackCOMRAM 00003A
___ftmul@sign               cstackCOMRAM 00003E
___ftpack                   text12       000D28
___ftpack@arg               cstackCOMRAM 000024
___ftpack@exp               cstackCOMRAM 000027
___ftpack@sign              cstackCOMRAM 000028
___fttol                    text9        000BA4
___fttol@exp1               cstackCOMRAM 00004D
___fttol@f1                 cstackCOMRAM 00003F
___fttol@lval               cstackCOMRAM 000049
___fttol@sign1              cstackCOMRAM 000048
___inthi_sp                 stack        000000
___intlo_sp                 stack        000000
___lwdiv                    text8        000EFA
___lwdiv@counter            cstackCOMRAM 00002A
___lwdiv@dividend           cstackCOMRAM 000024
___lwdiv@divisor            cstackCOMRAM 000026
___lwdiv@quotient           cstackCOMRAM 000028
___sp                       stack        000000
__accesstop                 (abs)        000080
__activetblptr              (abs)        000003
__end_of_Closelchb100       text19       00128E
__end_of_Delay10KTCYx       text5        00120E
__end_of_Delay10TCYx        text7        001268
__end_of_IdleI2C            text22       001278
__end_of_OpenCMPS03         text30       001222
__end_of_OpenI2C            text31       0011DC
__end_of_OpenPWM1           text27       001234
__end_of_OpenPWM2           text26       001042
__end_of_OpenSRF04          text28       00119E
__end_of_OpenTimer0         text29       0011BE
__end_of_OpenTimer2         text25       0011F8
__end_of_Openlchb100        text24       00117E
__end_of_ReadCMPS03         text20       000EFA
__end_of_ReadI2C            text23       0010CC
__end_of_ReadTimer0         text34       001258
__end_of_Runlchb100         text15       000D28
__end_of_SetDCPWM1          text18       001008
__end_of_SetDCPWM2          text17       000FCE
__end_of_TriggerLeftSRF04   text14       001118
__end_of_TriggerRightSRF04  text13       0010F2
__end_of_WriteI2C           text21       000EA4
__end_of_WriteTimer0        text33       001246
__end_of___awtoft           text11       000F94
__end_of___ftmul            text10       000BA4
__end_of___ftpack           text12       000DD0
__end_of___fttol            text9        000C78
__end_of___lwdiv            text8        000F4C
__end_of__initialization    cinit        001136
__end_of_abs                text16       00107A
__end_of_custom_delay       text6        0010A4
__end_of_delay_ms           text4        00115E
__end_of_delay_s            text3        001284
__end_of_highISR            intcode_body 000E40
__end_of_lowISR             intcodelo    000104
__end_of_main               text0        000AC0
__end_of_openLED            text2        00129C
__end_of_setLED             text1        001296
__initialization            cinit        001118
__mediumconst               mediumconst  000000
__pbssCOMRAM                bssCOMRAM    000053
__pcinit                    cinit        001118
__pcstackBANK0              cstackBANK0  000080
__pcstackCOMRAM             cstackCOMRAM 000001
__pdataCOMRAM               dataCOMRAM   00005A
__pidataCOMRAM              idataCOMRAM  00129C
__pintcode                  intcode      000008
__pintcode_body             intcode_body 000DD0
__pintcodelo                intcodelo    000018
__ptext0                    text0        000108
__ptext1                    text1        00128E
__ptext10                   text10       000AC0
__ptext11                   text11       000F4C
__ptext12                   text12       000D28
__ptext13                   text13       0010CC
__ptext14                   text14       0010F2
__ptext15                   text15       000C78
__ptext16                   text16       001042
__ptext17                   text17       000F94
__ptext18                   text18       000FCE
__ptext19                   text19       001284
__ptext2                    text2        001296
__ptext20                   text20       000EA4
__ptext21                   text21       000E40
__ptext22                   text22       001268
__ptext23                   text23       0010A4
__ptext24                   text24       00115E
__ptext25                   text25       0011DC
__ptext26                   text26       001008
__ptext27                   text27       001222
__ptext28                   text28       00117E
__ptext29                   text29       00119E
__ptext3                    text3        001278
__ptext30                   text30       00120E
__ptext31                   text31       0011BE
__ptext33                   text33       001234
__ptext34                   text34       001246
__ptext4                    text4        00113C
__ptext5                    text5        0011F8
__ptext6                    text6        00107A
__ptext7                    text7        001258
__ptext8                    text8        000EFA
__ptext9                    text9        000BA4
__ramtop                    ramtop       000200
__size_of_Closelchb100      (abs)        000000
__size_of_Delay10KTCYx      (abs)        000000
__size_of_Delay10TCYx       (abs)        000000
__size_of_IdleI2C           (abs)        000000
__size_of_OpenCMPS03        (abs)        000000
__size_of_OpenI2C           (abs)        000000
__size_of_OpenPWM1          (abs)        000000
__size_of_OpenPWM2          (abs)        000000
__size_of_OpenSRF04         (abs)        000000
__size_of_OpenTimer0        (abs)        000000
__size_of_OpenTimer2        (abs)        000000
__size_of_Openlchb100       (abs)        000000
__size_of_ReadCMPS03        (abs)        000000
__size_of_ReadI2C           (abs)        000000
__size_of_ReadTimer0        (abs)        000000
__size_of_Runlchb100        (abs)        000000
__size_of_SetDCPWM1         (abs)        000000
__size_of_SetDCPWM2         (abs)        000000
__size_of_TriggerLeftSRF04  (abs)        000000
__size_of_TriggerRightSRF04 (abs)        000000
__size_of_WriteI2C          (abs)        000000
__size_of_WriteTimer0       (abs)        000000
__size_of___awtoft          (abs)        000000
__size_of___ftmul           (abs)        000000
__size_of___ftpack          (abs)        000000
__size_of___fttol           (abs)        000000
__size_of___lwdiv           (abs)        000000
__size_of_abs               (abs)        000000
__size_of_custom_delay      (abs)        000000
__size_of_delay_ms          (abs)        000000
__size_of_delay_s           (abs)        000000
__size_of_highISR           (abs)        000000
__size_of_lowISR            (abs)        000000
__size_of_main              (abs)        000000
__size_of_openLED           (abs)        000000
__size_of_setLED            (abs)        000000
__smallconst                smallconst   000000
_abs                        text16       001042
_custom_delay               text6        00107A
_delay_ms                   text4        00113C
_delay_s                    text3        001278
_highISR                    intcode      000008
_lowISR                     intcodelo    000018
_main                       text0        000108
_openLED                    text2        001296
_portB                      bssCOMRAM    000059
_setLED                     text1        00128E
_tick_units                 bssCOMRAM    000053
_ticksLeft                  bssCOMRAM    000055
_ticksRL                    dataCOMRAM   00005A
_ticksRight                 bssCOMRAM    000057
abs@a                       cstackCOMRAM 000024
custom_delay@i              cstackCOMRAM 000051
custom_delay@iterations     cstackCOMRAM 00004E
delay_ms@x                  cstackCOMRAM 000026
delay_s@x                   cstackCOMRAM 000026
end_of_initialization       cinit        001136
int_func                    intcode_body 000DD0
intlevel0                   text         000000
intlevel1                   text         000000
intlevel2                   text         000000
intlevel3                   text         000000
main@adjusted_intended      cstackBANK0  0000A3
main@allowed_error_dodge    cstackBANK0  00009E
main@allowed_error_normal   cstackBANK0  000090
main@bearing_adjust         cstackBANK0  00008F
main@bearing_adjust_amount  cstackBANK0  000091
main@current_bearing        cstackBANK0  0000A4
main@degree_turn            cstackBANK0  000097
main@detection_distance     cstackBANK0  00009F
main@dodge_bearing          cstackBANK0  00008C
main@intended_bearing       cstackBANK0  00008D
main@lane                   cstackBANK0  0000A0
main@leftCM                 cstackBANK0  000099
main@left_turn_distance     cstackBANK0  00008E
main@motor_speed_left       cstackBANK0  0000A5
main@motor_speed_right      cstackBANK0  0000A6
main@motor_tick_rate        cstackBANK0  0000A2
main@rightCM                cstackBANK0  00009B
main@right_turn_distance    cstackBANK0  000092
main@state                  cstackBANK0  00009D
main@travel_time_all_clear  cstackBANK0  000095
main@travel_time_dodge      cstackBANK0  000093
setLED@value                cstackCOMRAM 000024
stackhi                     (abs)        0001FF
stacklo                     (abs)        0000A7
start                       init         000104
start_initialization        cinit        001118


FUNCTION INFORMATION:

 *************** function _main *****************
 Defined at:
		line 92 in file "Main.c"
 Parameters:    Size  Location     Type
  argc            2    0[BANK0 ] int 
  argv            3    2[BANK0 ] PTR PTR unsigned char 
 Auto vars:     Size  Location     Type
  rightCM         2   27[BANK0 ] unsigned int 
  leftCM          2   25[BANK0 ] unsigned int 
  adjusted_int    1   35[BANK0 ] unsigned char 
  lane            2   32[BANK0 ] int 
  degree_turn     2   23[BANK0 ] int 
  travel_time_    2   21[BANK0 ] int 
  travel_time_    2   19[BANK0 ] int 
  motor_speed_    1   38[BANK0 ] unsigned char 
  motor_speed_    1   37[BANK0 ] unsigned char 
  current_bear    1   36[BANK0 ] unsigned char 
  motor_tick_r    1   34[BANK0 ] unsigned char 
  detection_di    1   31[BANK0 ] unsigned char 
  allowed_erro    1   30[BANK0 ] unsigned char 
  state           1   29[BANK0 ] enum E4189
  right_turn_d    1   18[BANK0 ] unsigned char 
  bearing_adju    1   17[BANK0 ] unsigned char 
  allowed_erro    1   16[BANK0 ] unsigned char 
  bearing_adju    1   15[BANK0 ] unsigned char 
  left_turn_di    1   14[BANK0 ] unsigned char 
  intended_bea    1   13[BANK0 ] unsigned char 
  dodge_bearin    1   12[BANK0 ] unsigned char 
 Return value:  Size  Location     Type
                  2    0[BANK0 ] int 
 Registers used:
		wreg, status,2, status,0, tblptrl, tblptrh, tblptru, prodl, prodh, cstack
 Tracked objects:
		On entry : 
		On exit  : 
		Unchanged: 
 Data sizes:     COMRAM   BANK0   BANK1
      Params:         0       5       0
      Locals:         0      27       0
      Temps:          0       7       0
      Totals:         0      39       0
Total ram usage:       39 bytes
 Hardware stack levels required when called:    6
 This function calls:
		_Closelchb100
		_OpenCMPS03
		_OpenSRF04
		_Openlchb100
		_ReadCMPS03
		_Runlchb100
		_TriggerLeftSRF04
		_TriggerRightSRF04
		___awtoft
		___ftmul
		___fttol
		___lwdiv
		_custom_delay
		_delay_ms
		_delay_s
		_openLED
		_setLED
 This function is called by:
		Startup code after reset
 This function uses a non-reentrant model


 *************** function _setLED *****************
 Defined at:
		line 47 in file "led.h"
 Parameters:    Size  Location     Type
  value           1    wreg     unsigned char 
 Auto vars:     Size  Location     Type
  value           1   35[COMRAM] unsigned char 
 Return value:  Size  Location     Type
		None               void
 Registers used:
		wreg
 Tracked objects:
		On entry : 
		On exit  : 
		Unchanged: 
 Data sizes:     COMRAM   BANK0   BANK1
      Params:         0       0       0
      Locals:         1       0       0
      Temps:          0       0       0
      Totals:         1       0       0
Total ram usage:        1 bytes
 Hardware stack levels used:    1
 Hardware stack levels required when called:    3
 This function calls:
		Nothing
 This function is called by:
		_main
 This function uses a non-reentrant model


 *************** function _openLED *****************
 Defined at:
		line 28 in file "led.h"
 Parameters:    Size  Location     Type
		None
 Auto vars:     Size  Location     Type
		None
 Return value:  Size  Location     Type
		None               void
 Registers used:
		wreg, status,2
 Tracked objects:
		On entry : 
		On exit  : 
		Unchanged: 
 Data sizes:     COMRAM   BANK0   BANK1
      Params:         0       0       0
      Locals:         0       0       0
      Temps:          0       0       0
      Totals:         0       0       0
Total ram usage:        0 bytes
 Hardware stack levels used:    1
 Hardware stack levels required when called:    3
 This function calls:
		Nothing
 This function is called by:
		_main
 This function uses a non-reentrant model


 *************** function _delay_s *****************
 Defined at:
		line 37 in file "delay.h"
 Parameters:    Size  Location     Type
  x               2   37[COMRAM] unsigned int 
 Auto vars:     Size  Location     Type
		None
 Return value:  Size  Location     Type
		None               void
 Registers used:
		wreg, status,2, status,0, prodl, prodh, cstack
 Tracked objects:
		On entry : 
		On exit  : 
		Unchanged: 
 Data sizes:     COMRAM   BANK0   BANK1
      Params:         2       0       0
      Locals:         0       0       0
      Temps:          0       0       0
      Totals:         2       0       0
Total ram usage:        2 bytes
 Hardware stack levels used:    1
 Hardware stack levels required when called:    4
 This function calls:
		_Delay10KTCYx
 This function is called by:
		_main
 This function uses a non-reentrant model


 *************** function _delay_ms *****************
 Defined at:
		line 27 in file "delay.h"
 Parameters:    Size  Location     Type
  x               2   37[COMRAM] unsigned int 
 Auto vars:     Size  Location     Type
		None
 Return value:  Size  Location     Type
		None               void
 Registers used:
		wreg, status,2, status,0, cstack
 Tracked objects:
		On entry : 
		On exit  : 
		Unchanged: 
 Data sizes:     COMRAM   BANK0   BANK1
      Params:         2       0       0
      Locals:         0       0       0
      Temps:          2       0       0
      Totals:         4       0       0
Total ram usage:        4 bytes
 Hardware stack levels used:    1
 Hardware stack levels required when called:    4
 This function calls:
		_Delay10KTCYx
 This function is called by:
		_main
 This function uses a non-reentrant model


 *************** function _Delay10KTCYx *****************
 Defined at:
		line 8 in file "C:\Program Files (x86)\Microchip\xc8\v1.33\sources\pic18\d10ktcyx.c"
 Parameters:    Size  Location     Type
  unit            1    wreg     unsigned char 
 Auto vars:     Size  Location     Type
  unit            1   36[COMRAM] unsigned char 
 Return value:  Size  Location     Type
		None               void
 Registers used:
		wreg
 Tracked objects:
		On entry : 
		On exit  : 
		Unchanged: 
 Data sizes:     COMRAM   BANK0   BANK1
      Params:         0       0       0
      Locals:         1       0       0
      Temps:          1       0       0
      Totals:         2       0       0
Total ram usage:        2 bytes
 Hardware stack levels used:    1
 Hardware stack levels required when called:    3
 This function calls:
		Nothing
 This function is called by:
		_delay_ms
		_delay_s
 This function uses a non-reentrant model


 *************** function _custom_delay *****************
 Defined at:
		line 82 in file "Main.c"
 Parameters:    Size  Location     Type
  iterations      2   77[COMRAM] int 
 Auto vars:     Size  Location     Type
  i               2   80[COMRAM] int 
 Return value:  Size  Location     Type
		None               void
 Registers used:
		wreg, status,2, status,0, cstack
 Tracked objects:
		On entry : 
		On exit  : 
		Unchanged: 
 Data sizes:     COMRAM   BANK0   BANK1
      Params:         2       0       0
      Locals:         2       0       0
      Temps:          1       0       0
      Totals:         5       0       0
Total ram usage:        5 bytes
 Hardware stack levels used:    1
 Hardware stack levels required when called:    4
 This function calls:
		_Delay10TCYx
 This function is called by:
		_main
 This function uses a non-reentrant model


 *************** function _Delay10TCYx *****************
 Defined at:
		line 8 in file "C:\Program Files (x86)\Microchip\xc8\v1.33\sources\pic18\d10tcyx.c"
 Parameters:    Size  Location     Type
  unit            1    wreg     unsigned char 
 Auto vars:     Size  Location     Type
  unit            1   35[COMRAM] unsigned char 
 Return value:  Size  Location     Type
		None               void
 Registers used:
		wreg
 Tracked objects:
		On entry : 
		On exit  : 
		Unchanged: 
 Data sizes:     COMRAM   BANK0   BANK1
      Params:         0       0       0
      Locals:         1       0       0
      Temps:          0       0       0
      Totals:         1       0       0
Total ram usage:        1 bytes
 Hardware stack levels used:    1
 Hardware stack levels required when called:    3
 This function calls:
		Nothing
 This function is called by:
		_custom_delay
 This function uses a non-reentrant model


 *************** function ___lwdiv *****************
 Defined at:
		line 8 in file "C:\Program Files (x86)\Microchip\xc8\v1.33\sources\common\lwdiv.c"
 Parameters:    Size  Location     Type
  dividend        2   35[COMRAM] unsigned int 
  divisor         2   37[COMRAM] unsigned int 
 Auto vars:     Size  Location     Type
  quotient        2   39[COMRAM] unsigned int 
  counter         1   41[COMRAM] unsigned char 
 Return value:  Size  Location     Type
                  2   35[COMRAM] unsigned int 
 Registers used:
		wreg, status,2, status,0
 Tracked objects:
		On entry : 
		On exit  : 
		Unchanged: 
 Data sizes:     COMRAM   BANK0   BANK1
      Params:         4       0       0
      Locals:         3       0       0
      Temps:          0       0       0
      Totals:         7       0       0
Total ram usage:        7 bytes
 Hardware stack levels used:    1
 Hardware stack levels required when called:    3
 This function calls:
		Nothing
 This function is called by:
		_main
 This function uses a non-reentrant model


 *************** function ___fttol *****************
 Defined at:
		line 44 in file "C:\Program Files (x86)\Microchip\xc8\v1.33\sources\common\fttol.c"
 Parameters:    Size  Location     Type
  f1              3   62[COMRAM] float 
 Auto vars:     Size  Location     Type
  lval            4   72[COMRAM] unsigned long 
  exp1            1   76[COMRAM] unsigned char 
  sign1           1   71[COMRAM] unsigned char 
 Return value:  Size  Location     Type
                  4   62[COMRAM] long 
 Registers used:
		wreg, status,2, status,0
 Tracked objects:
		On entry : 
		On exit  : 
		Unchanged: 
 Data sizes:     COMRAM   BANK0   BANK1
      Params:         4       0       0
      Locals:         6       0       0
      Temps:          5       0       0
      Totals:        15       0       0
Total ram usage:       15 bytes
 Hardware stack levels used:    1
 Hardware stack levels required when called:    3
 This function calls:
		Nothing
 This function is called by:
		_main
 This function uses a non-reentrant model


 *************** function ___ftmul *****************
 Defined at:
		line 62 in file "C:\Program Files (x86)\Microchip\xc8\v1.33\sources\common\ftmul.c"
 Parameters:    Size  Location     Type
  f1              3   47[COMRAM] float 
  f2              3   50[COMRAM] float 
 Auto vars:     Size  Location     Type
  f3_as_produc    3   57[COMRAM] unsigned um
  sign            1   61[COMRAM] unsigned char 
  cntr            1   60[COMRAM] unsigned char 
  exp             1   56[COMRAM] unsigned char 
 Return value:  Size  Location     Type
                  3   47[COMRAM] float 
 Registers used:
		wreg, status,2, status,0, cstack
 Tracked objects:
		On entry : 
		On exit  : 
		Unchanged: 
 Data sizes:     COMRAM   BANK0   BANK1
      Params:         6       0       0
      Locals:         6       0       0
      Temps:          3       0       0
      Totals:        15       0       0
Total ram usage:       15 bytes
 Hardware stack levels used:    1
 Hardware stack levels required when called:    4
 This function calls:
		___ftpack
 This function is called by:
		_main
 This function uses a non-reentrant model


 *************** function ___awtoft *****************
 Defined at:
		line 32 in file "C:\Program Files (x86)\Microchip\xc8\v1.33\sources\common\awtoft.c"
 Parameters:    Size  Location     Type
  c               2   43[COMRAM] int 
 Auto vars:     Size  Location     Type
  sign            1   46[COMRAM] unsigned char 
 Return value:  Size  Location     Type
                  3   43[COMRAM] float 
 Registers used:
		wreg, status,2, status,0, prodl, cstack
 Tracked objects:
		On entry : 
		On exit  : 
		Unchanged: 
 Data sizes:     COMRAM   BANK0   BANK1
      Params:         3       0       0
      Locals:         1       0       0
      Temps:          0       0       0
      Totals:         4       0       0
Total ram usage:        4 bytes
 Hardware stack levels used:    1
 Hardware stack levels required when called:    4
 This function calls:
		___ftpack
 This function is called by:
		_main
 This function uses a non-reentrant model


 *************** function ___ftpack *****************
 Defined at:
		line 62 in file "C:\Program Files (x86)\Microchip\xc8\v1.33\sources\common\float.c"
 Parameters:    Size  Location     Type
  arg             3   35[COMRAM] unsigned um
  exp             1   38[COMRAM] unsigned char 
  sign            1   39[COMRAM] unsigned char 
 Auto vars:     Size  Location     Type
		None
 Return value:  Size  Location     Type
                  3   35[COMRAM] float 
 Registers used:
		wreg, status,2, status,0
 Tracked objects:
		On entry : 
		On exit  : 
		Unchanged: 
 Data sizes:     COMRAM   BANK0   BANK1
      Params:         5       0       0
      Locals:         0       0       0
      Temps:          3       0       0
      Totals:         8       0       0
Total ram usage:        8 bytes
 Hardware stack levels used:    1
 Hardware stack levels required when called:    3
 This function calls:
		Nothing
 This function is called by:
		___awtoft
		___ftmul
 This function uses a non-reentrant model


 *************** function _TriggerRightSRF04 *****************
 Defined at:
		line 88 in file "srf04.h"
 Parameters:    Size  Location     Type
		None
 Auto vars:     Size  Location     Type
		None
 Return value:  Size  Location     Type
		None               void
 Registers used:
		wreg
 Tracked objects:
		On entry : 
		On exit  : 
		Unchanged: 
 Data sizes:     COMRAM   BANK0   BANK1
      Params:         0       0       0
      Locals:         0       0       0
      Temps:          0       0       0
      Totals:         0       0       0
Total ram usage:        0 bytes
 Hardware stack levels used:    1
 Hardware stack levels required when called:    3
 This function calls:
		Nothing
 This function is called by:
		_main
 This function uses a non-reentrant model


 *************** function _TriggerLeftSRF04 *****************
 Defined at:
		line 107 in file "srf04.h"
 Parameters:    Size  Location     Type
		None
 Auto vars:     Size  Location     Type
		None
 Return value:  Size  Location     Type
		None               void
 Registers used:
		wreg
 Tracked objects:
		On entry : 
		On exit  : 
		Unchanged: 
 Data sizes:     COMRAM   BANK0   BANK1
      Params:         0       0       0
      Locals:         0       0       0
      Temps:          0       0       0
      Totals:         0       0       0
Total ram usage:        0 bytes
 Hardware stack levels used:    1
 Hardware stack levels required when called:    3
 This function calls:
		Nothing
 This function is called by:
		_main
 This function uses a non-reentrant model


 *************** function _Runlchb100 *****************
 Defined at:
		line 104 in file "lcbh100.h"
 Parameters:    Size  Location     Type
  starboard       2   45[COMRAM] int 
  port            2   47[COMRAM] int 
 Auto vars:     Size  Location     Type
		None
 Return value:  Size  Location     Type
                  2   45[COMRAM] int 
 Registers used:
		wreg, status,2, status,0, prodl, cstack
 Tracked objects:
		On entry : 
		On exit  : 
		Unchanged: 
 Data sizes:     COMRAM   BANK0   BANK1
      Params:         4       0       0
      Locals:         0       0       0
      Temps:          0       0       0
      Totals:         4       0       0
Total ram usage:        4 bytes
 Hardware stack levels used:    1
 Hardware stack levels required when called:    4
 This function calls:
		_Closelchb100
		_SetDCPWM1
		_SetDCPWM2
		_abs
 This function is called by:
		_main
 This function uses a non-reentrant model


 *************** function _abs *****************
 Defined at:
		line 4 in file "C:\Program Files (x86)\Microchip\xc8\v1.33\sources\common\abs.c"
 Parameters:    Size  Location     Type
  a               2   35[COMRAM] int 
 Auto vars:     Size  Location     Type
		None
 Return value:  Size  Location     Type
                  2   35[COMRAM] int 
 Registers used:
		wreg, status,2, status,0, prodl
 Tracked objects:
		On entry : 
		On exit  : 
		Unchanged: 
 Data sizes:     COMRAM   BANK0   BANK1
      Params:         2       0       0
      Locals:         0       0       0
      Temps:          2       0       0
      Totals:         4       0       0
Total ram usage:        4 bytes
 Hardware stack levels used:    1
 Hardware stack levels required when called:    3
 This function calls:
		Nothing
 This function is called by:
		_Runlchb100
 This function uses a non-reentrant model


 *************** function _SetDCPWM2 *****************
 Defined at:
		line 7 in file "C:\Program Files (x86)\Microchip\xc8\v1.33\sources\pic18\plib\PWM\pw2setdc.c"
 Parameters:    Size  Location     Type
  dutycycle       2   39[COMRAM] unsigned int 
 Auto vars:     Size  Location     Type
  DCycle          2   43[COMRAM] struct PWMDC
 Return value:  Size  Location     Type
		None               void
 Registers used:
		wreg, status,2, status,0
 Tracked objects:
		On entry : 
		On exit  : 
		Unchanged: 
 Data sizes:     COMRAM   BANK0   BANK1
      Params:         2       0       0
      Locals:         2       0       0
      Temps:          2       0       0
      Totals:         6       0       0
Total ram usage:        6 bytes
 Hardware stack levels used:    1
 Hardware stack levels required when called:    3
 This function calls:
		Nothing
 This function is called by:
		_Runlchb100
 This function uses a non-reentrant model


 *************** function _SetDCPWM1 *****************
 Defined at:
		line 7 in file "C:\Program Files (x86)\Microchip\xc8\v1.33\sources\pic18\plib\PWM\pw1setdc.c"
 Parameters:    Size  Location     Type
  dutycycle       2   39[COMRAM] unsigned int 
 Auto vars:     Size  Location     Type
  DCycle          2   43[COMRAM] struct PWMDC
 Return value:  Size  Location     Type
		None               void
 Registers used:
		wreg, status,2, status,0
 Tracked objects:
		On entry : 
		On exit  : 
		Unchanged: 
 Data sizes:     COMRAM   BANK0   BANK1
      Params:         2       0       0
      Locals:         2       0       0
      Temps:          2       0       0
      Totals:         6       0       0
Total ram usage:        6 bytes
 Hardware stack levels used:    1
 Hardware stack levels required when called:    3
 This function calls:
		Nothing
 This function is called by:
		_Runlchb100
 This function uses a non-reentrant model


 *************** function _Closelchb100 *****************
 Defined at:
		line 84 in file "lcbh100.h"
 Parameters:    Size  Location     Type
		None
 Auto vars:     Size  Location     Type
		None
 Return value:  Size  Location     Type
                  2  103[COMRAM] int 
 Registers used:
		None
 Tracked objects:
		On entry : 
		On exit  : 
		Unchanged: 
 Data sizes:     COMRAM   BANK0   BANK1
      Params:         0       0       0
      Locals:         0       0       0
      Temps:          0       0       0
      Totals:         0       0       0
Total ram usage:        0 bytes
 Hardware stack levels used:    1
 Hardware stack levels required when called:    3
 This function calls:
		Nothing
 This function is called by:
		_Runlchb100
		_main
 This function uses a non-reentrant model


 *************** function _ReadCMPS03 *****************
 Defined at:
		line 58 in file "cmps03.h"
 Parameters:    Size  Location     Type
		None
 Auto vars:     Size  Location     Type
  byte            1   38[COMRAM] unsigned char 
 Return value:  Size  Location     Type
                  1    wreg      unsigned char 
 Registers used:
		wreg, status,2, status,0, cstack
 Tracked objects:
		On entry : 
		On exit  : 
		Unchanged: 
 Data sizes:     COMRAM   BANK0   BANK1
      Params:         0       0       0
      Locals:         1       0       0
      Temps:          0       0       0
      Totals:         1       0       0
Total ram usage:        1 bytes
 Hardware stack levels used:    1
 Hardware stack levels required when called:    5
 This function calls:
		_IdleI2C
		_ReadI2C
		_WriteI2C
 This function is called by:
		_main
 This function uses a non-reentrant model


 *************** function _WriteI2C *****************
 Defined at:
		line 12 in file "C:\Program Files (x86)\Microchip\xc8\v1.33\sources\pic18\plib\i2c\i2c_writ.c"
 Parameters:    Size  Location     Type
  data_out        1    wreg     unsigned char 
 Auto vars:     Size  Location     Type
  data_out        1   37[COMRAM] unsigned char 
 Return value:  Size  Location     Type
                  1    wreg      char 
 Registers used:
		wreg, status,2, status,0, cstack
 Tracked objects:
		On entry : 
		On exit  : 
		Unchanged: 
 Data sizes:     COMRAM   BANK0   BANK1
      Params:         0       0       0
      Locals:         1       0       0
      Temps:          1       0       0
      Totals:         2       0       0
Total ram usage:        2 bytes
 Hardware stack levels used:    1
 Hardware stack levels required when called:    4
 This function calls:
		_IdleI2C
 This function is called by:
		_ReadCMPS03
 This function uses a non-reentrant model


 *************** function _IdleI2C *****************
 Defined at:
		line 24 in file "C:\Program Files (x86)\Microchip\xc8\v1.33\sources\pic18\plib\i2c\i2c_idle.c"
 Parameters:    Size  Location     Type
		None
 Auto vars:     Size  Location     Type
		None
 Return value:  Size  Location     Type
		None               void
 Registers used:
		wreg, status,2, status,0
 Tracked objects:
		On entry : 
		On exit  : 
		Unchanged: 
 Data sizes:     COMRAM   BANK0   BANK1
      Params:         0       0       0
      Locals:         0       0       0
      Temps:          1       0       0
      Totals:         1       0       0
Total ram usage:        1 bytes
 Hardware stack levels used:    1
 Hardware stack levels required when called:    3
 This function calls:
		Nothing
 This function is called by:
		_ReadCMPS03
		_WriteI2C
 This function uses a non-reentrant model


 *************** function _ReadI2C *****************
 Defined at:
		line 11 in file "C:\Program Files (x86)\Microchip\xc8\v1.33\sources\pic18\plib\i2c\i2c_read.c"
 Parameters:    Size  Location     Type
		None
 Auto vars:     Size  Location     Type
		None
 Return value:  Size  Location     Type
                  1    wreg      unsigned char 
 Registers used:
		wreg, status,2, status,0
 Tracked objects:
		On entry : 
		On exit  : 
		Unchanged: 
 Data sizes:     COMRAM   BANK0   BANK1
      Params:         0       0       0
      Locals:         0       0       0
      Temps:          1       0       0
      Totals:         1       0       0
Total ram usage:        1 bytes
 Hardware stack levels used:    1
 Hardware stack levels required when called:    3
 This function calls:
		Nothing
 This function is called by:
		_ReadCMPS03
 This function uses a non-reentrant model


 *************** function _Openlchb100 *****************
 Defined at:
		line 49 in file "lcbh100.h"
 Parameters:    Size  Location     Type
		None
 Auto vars:     Size  Location     Type
		None
 Return value:  Size  Location     Type
                  2  100[COMRAM] int 
 Registers used:
		wreg, status,2, status,0, tblptrl, tblptrh, tblptru, cstack
 Tracked objects:
		On entry : 
		On exit  : 
		Unchanged: 
 Data sizes:     COMRAM   BANK0   BANK1
      Params:         0       0       0
      Locals:         0       0       0
      Temps:          0       0       0
      Totals:         0       0       0
Total ram usage:        0 bytes
 Hardware stack levels used:    1
 Hardware stack levels required when called:    4
 This function calls:
		_OpenPWM1
		_OpenPWM2
		_OpenTimer2
 This function is called by:
		_main
 This function uses a non-reentrant model


 *************** function _OpenTimer2 *****************
 Defined at:
		line 17 in file "C:\Program Files (x86)\Microchip\xc8\v1.33\sources\pic18\plib\Timers\t2open.c"
 Parameters:    Size  Location     Type
  config          1    wreg     unsigned char 
 Auto vars:     Size  Location     Type
  config          1   35[COMRAM] unsigned char 
 Return value:  Size  Location     Type
		None               void
 Registers used:
		wreg, status,2, status,0
 Tracked objects:
		On entry : 
		On exit  : 
		Unchanged: 
 Data sizes:     COMRAM   BANK0   BANK1
      Params:         0       0       0
      Locals:         1       0       0
      Temps:          0       0       0
      Totals:         1       0       0
Total ram usage:        1 bytes
 Hardware stack levels used:    1
 Hardware stack levels required when called:    3
 This function calls:
		Nothing
 This function is called by:
		_Openlchb100
 This function uses a non-reentrant model


 *************** function _OpenPWM2 *****************
 Defined at:
		line 18 in file "C:\Program Files (x86)\Microchip\xc8\v1.33\sources\pic18\plib\PWM\pw2open.c"
 Parameters:    Size  Location     Type
  period          1    wreg     unsigned char 
 Auto vars:     Size  Location     Type
  period          1   36[COMRAM] unsigned char 
  ccp2mx          1   37[COMRAM] unsigned char 
  pmmode          1    0        unsigned char 
 Return value:  Size  Location     Type
		None               void
 Registers used:
		wreg, status,2, tblptrl, tblptrh, tblptru
 Tracked objects:
		On entry : 
		On exit  : 
		Unchanged: 
 Data sizes:     COMRAM   BANK0   BANK1
      Params:         0       0       0
      Locals:         2       0       0
      Temps:          1       0       0
      Totals:         3       0       0
Total ram usage:        3 bytes
 Hardware stack levels used:    1
 Hardware stack levels required when called:    3
 This function calls:
		Nothing
 This function is called by:
		_Openlchb100
 This function uses a non-reentrant model


 *************** function _OpenPWM1 *****************
 Defined at:
		line 8 in file "C:\Program Files (x86)\Microchip\xc8\v1.33\sources\pic18\plib\PWM\pw1open.c"
 Parameters:    Size  Location     Type
  period          1    wreg     unsigned char 
 Auto vars:     Size  Location     Type
  period          1   35[COMRAM] unsigned char 
 Return value:  Size  Location     Type
		None               void
 Registers used:
		wreg, status,2, status,0
 Tracked objects:
		On entry : 
		On exit  : 
		Unchanged: 
 Data sizes:     COMRAM   BANK0   BANK1
      Params:         0       0       0
      Locals:         1       0       0
      Temps:          0       0       0
      Totals:         1       0       0
Total ram usage:        1 bytes
 Hardware stack levels used:    1
 Hardware stack levels required when called:    3
 This function calls:
		Nothing
 This function is called by:
		_Openlchb100
 This function uses a non-reentrant model


 *************** function _OpenSRF04 *****************
 Defined at:
		line 38 in file "srf04.h"
 Parameters:    Size  Location     Type
		None
 Auto vars:     Size  Location     Type
		None
 Return value:  Size  Location     Type
		None               void
 Registers used:
		wreg, status,2, status,0, cstack
 Tracked objects:
		On entry : 
		On exit  : 
		Unchanged: 
 Data sizes:     COMRAM   BANK0   BANK1
      Params:         0       0       0
      Locals:         0       0       0
      Temps:          0       0       0
      Totals:         0       0       0
Total ram usage:        0 bytes
 Hardware stack levels used:    1
 Hardware stack levels required when called:    4
 This function calls:
		_OpenTimer0
 This function is called by:
		_main
 This function uses a non-reentrant model


 *************** function _OpenTimer0 *****************
 Defined at:
		line 18 in file "C:\Program Files (x86)\Microchip\xc8\v1.33\sources\pic18\plib\Timers\t0open.c"
 Parameters:    Size  Location     Type
  config          1    wreg     unsigned char 
 Auto vars:     Size  Location     Type
  config          1   35[COMRAM] unsigned char 
 Return value:  Size  Location     Type
		None               void
 Registers used:
		wreg, status,2, status,0
 Tracked objects:
		On entry : 
		On exit  : 
		Unchanged: 
 Data sizes:     COMRAM   BANK0   BANK1
      Params:         0       0       0
      Locals:         1       0       0
      Temps:          0       0       0
      Totals:         1       0       0
Total ram usage:        1 bytes
 Hardware stack levels used:    1
 Hardware stack levels required when called:    3
 This function calls:
		Nothing
 This function is called by:
		_OpenSRF04
 This function uses a non-reentrant model


 *************** function _OpenCMPS03 *****************
 Defined at:
		line 27 in file "cmps03.h"
 Parameters:    Size  Location     Type
		None
 Auto vars:     Size  Location     Type
		None
 Return value:  Size  Location     Type
		None               void
 Registers used:
		wreg, status,2, status,0, cstack
 Tracked objects:
		On entry : 
		On exit  : 
		Unchanged: 
 Data sizes:     COMRAM   BANK0   BANK1
      Params:         0       0       0
      Locals:         0       0       0
      Temps:          0       0       0
      Totals:         0       0       0
Total ram usage:        0 bytes
 Hardware stack levels used:    1
 Hardware stack levels required when called:    4
 This function calls:
		_OpenI2C
 This function is called by:
		_main
 This function uses a non-reentrant model


 *************** function _OpenI2C *****************
 Defined at:
		line 14 in file "C:\Program Files (x86)\Microchip\xc8\v1.33\sources\pic18\plib\i2c\i2c_open.c"
 Parameters:    Size  Location     Type
  sync_mode       1    wreg     unsigned char 
  slew            1   35[COMRAM] unsigned char 
 Auto vars:     Size  Location     Type
  sync_mode       1   36[COMRAM] unsigned char 
 Return value:  Size  Location     Type
		None               void
 Registers used:
		wreg, status,2, status,0
 Tracked objects:
		On entry : 
		On exit  : 
		Unchanged: 
 Data sizes:     COMRAM   BANK0   BANK1
      Params:         1       0       0
      Locals:         1       0       0
      Temps:          0       0       0
      Totals:         2       0       0
Total ram usage:        2 bytes
 Hardware stack levels used:    1
 Hardware stack levels required when called:    3
 This function calls:
		Nothing
 This function is called by:
		_OpenCMPS03
 This function uses a non-reentrant model


 *************** function _lowISR *****************
 Defined at:
		line 30 in file "Main.c"
 Parameters:    Size  Location     Type
		None
 Auto vars:     Size  Location     Type
		None
 Return value:  Size  Location     Type
		None               void
 Registers used:
		wreg, status,2, status,0, cstack
 Tracked objects:
		On entry : 
		On exit  : 
		Unchanged: 
 Data sizes:     COMRAM   BANK0   BANK1
      Params:         0       0       0
      Locals:         0       0       0
      Temps:         17       0       0
      Totals:        17       0       0
Total ram usage:       17 bytes
 Hardware stack levels used:    1
 Hardware stack levels required when called:    2
 This function calls:
		_ReadTimer0
		_WriteTimer0
 This function is called by:
		Interrupt level 1
 This function uses a non-reentrant model


 *************** function _WriteTimer0 *****************
 Defined at:
		line 16 in file "C:\Program Files (x86)\Microchip\xc8\v1.33\sources\pic18\plib\Timers\t0write.c"
 Parameters:    Size  Location     Type
  timer0          2   14[COMRAM] unsigned int 
 Auto vars:     Size  Location     Type
  timer           2   16[COMRAM] struct Timers
 Return value:  Size  Location     Type
		None               void
 Registers used:
		None
 Tracked objects:
		On entry : 
		On exit  : 
		Unchanged: 
 Data sizes:     COMRAM   BANK0   BANK1
      Params:         2       0       0
      Locals:         2       0       0
      Temps:          0       0       0
      Totals:         4       0       0
Total ram usage:        4 bytes
 Hardware stack levels used:    1
 Hardware stack levels required when called:    1
 This function calls:
		Nothing
 This function is called by:
		_lowISR
 This function uses a non-reentrant model


 *************** function _ReadTimer0 *****************
 Defined at:
		line 16 in file "C:\Program Files (x86)\Microchip\xc8\v1.33\sources\pic18\plib\Timers\t0read.c"
 Parameters:    Size  Location     Type
		None
 Auto vars:     Size  Location     Type
  timer           2   16[COMRAM] struct Timers
 Return value:  Size  Location     Type
                  2   14[COMRAM] unsigned int 
 Registers used:
		None
 Tracked objects:
		On entry : 
		On exit  : 
		Unchanged: 
 Data sizes:     COMRAM   BANK0   BANK1
      Params:         2       0       0
      Locals:         2       0       0
      Temps:          0       0       0
      Totals:         4       0       0
Total ram usage:        4 bytes
 Hardware stack levels used:    1
 Hardware stack levels required when called:    1
 This function calls:
		Nothing
 This function is called by:
		_lowISR
 This function uses a non-reentrant model


 *************** function _highISR *****************
 Defined at:
		line 69 in file "Main.c"
 Parameters:    Size  Location     Type
		None
 Auto vars:     Size  Location     Type
		None
 Return value:  Size  Location     Type
		None               void
 Registers used:
		status,2, status,0
 Tracked objects:
		On entry : 
		On exit  : 
		Unchanged: 
 Data sizes:     COMRAM   BANK0   BANK1
      Params:         0       0       0
      Locals:         0       0       0
      Temps:         14       0       0
      Totals:        14       0       0
Total ram usage:       14 bytes
 Hardware stack levels used:    1
 This function calls:
		Nothing
 This function is called by:
		Interrupt level 2
 This function uses a non-reentrant model



MODULE INFORMATION

Module		Function		Class		Link	Load	Size
C:\Program Files (x86)\Microchip\xc8\v1.33\sources\pic18\plib\Timers\t0read.c
		_ReadTimer0    		CODE           	1246	0000	18

C:\Program Files (x86)\Microchip\xc8\v1.33\sources\pic18\plib\Timers\t0read.c estimated size: 18

C:\Program Files (x86)\Microchip\xc8\v1.33\sources\pic18\d10tcyx.c
		_Delay10TCYx   		CODE           	1258	0000	16

C:\Program Files (x86)\Microchip\xc8\v1.33\sources\pic18\d10tcyx.c estimated size: 16

delay.h
		_delay_ms      		CODE           	113C	0000	34
		_delay_s       		CODE           	1278	0000	12

delay.h estimated size: 46

C:\Program Files (x86)\Microchip\xc8\v1.33\sources\common\float.c
		___ftpack      		CODE           	0D28	0000	168

C:\Program Files (x86)\Microchip\xc8\v1.33\sources\common\float.c estimated size: 168

C:\Program Files (x86)\Microchip\xc8\v1.33\sources\pic18\plib\Timers\t2open.c
		_OpenTimer2    		CODE           	11DC	0000	28

C:\Program Files (x86)\Microchip\xc8\v1.33\sources\pic18\plib\Timers\t2open.c estimated size: 28

C:\Program Files (x86)\Microchip\xc8\v1.33\sources\pic18\plib\PWM\pw2setdc.c
		_SetDCPWM2     		CODE           	0F94	0000	58

C:\Program Files (x86)\Microchip\xc8\v1.33\sources\pic18\plib\PWM\pw2setdc.c estimated size: 58

C:\Program Files (x86)\Microchip\xc8\v1.33\sources\common\ftmul.c
		___ftmul       		CODE           	0AC0	0000	228

C:\Program Files (x86)\Microchip\xc8\v1.33\sources\common\ftmul.c estimated size: 228

C:\Program Files (x86)\Microchip\xc8\v1.33\sources\pic18\plib\i2c\i2c_open.c
		_OpenI2C       		CODE           	11BE	0000	30

C:\Program Files (x86)\Microchip\xc8\v1.33\sources\pic18\plib\i2c\i2c_open.c estimated size: 30

C:\Program Files (x86)\Microchip\xc8\v1.33\sources\pic18\d10ktcyx.c
		_Delay10KTCYx  		CODE           	11F8	0000	22

C:\Program Files (x86)\Microchip\xc8\v1.33\sources\pic18\d10ktcyx.c estimated size: 22

C:\Program Files (x86)\Microchip\xc8\v1.33\sources\common\lwdiv.c
		___lwdiv       		CODE           	0EFA	0000	82

C:\Program Files (x86)\Microchip\xc8\v1.33\sources\common\lwdiv.c estimated size: 82

C:\Program Files (x86)\Microchip\xc8\v1.33\sources\pic18\plib\i2c\i2c_writ.c
		_WriteI2C      		CODE           	0E40	0000	100

C:\Program Files (x86)\Microchip\xc8\v1.33\sources\pic18\plib\i2c\i2c_writ.c estimated size: 100

Main.c
		_main          		CODE           	0108	0000	2488
		_highISR       		CODE           	0008	0000	3640
		_lowISR        		CODE           	0018	0000	236
		_custom_delay  		CODE           	107A	0000	42

Main.c estimated size: 6406

shared
		__initializatio		CODE           	1118	0000	30

shared estimated size: 30

srf04.h
		_TriggerLeftSRF		CODE           	10F2	0000	38
		_OpenSRF04     		CODE           	117E	0000	32
		_TriggerRightSR		CODE           	10CC	0000	38

srf04.h estimated size: 108

C:\Program Files (x86)\Microchip\xc8\v1.33\sources\pic18\plib\Timers\t0write.c
		_WriteTimer0   		CODE           	1234	0000	18

C:\Program Files (x86)\Microchip\xc8\v1.33\sources\pic18\plib\Timers\t0write.c estimated size: 18

C:\Program Files (x86)\Microchip\xc8\v1.33\sources\pic18\plib\PWM\pw1setdc.c
		_SetDCPWM1     		CODE           	0FCE	0000	58

C:\Program Files (x86)\Microchip\xc8\v1.33\sources\pic18\plib\PWM\pw1setdc.c estimated size: 58

lcbh100.h
		_Openlchb100   		CODE           	115E	0000	32
		_Closelchb100  		CODE           	1284	0000	10
		_Runlchb100    		CODE           	0C78	0000	176

lcbh100.h estimated size: 218

C:\Program Files (x86)\Microchip\xc8\v1.33\sources\pic18\plib\Timers\t0open.c
		_OpenTimer0    		CODE           	119E	0000	32

C:\Program Files (x86)\Microchip\xc8\v1.33\sources\pic18\plib\Timers\t0open.c estimated size: 32

C:\Program Files (x86)\Microchip\xc8\v1.33\sources\common\fttol.c
		___fttol       		CODE           	0BA4	0000	212

C:\Program Files (x86)\Microchip\xc8\v1.33\sources\common\fttol.c estimated size: 212

C:\Program Files (x86)\Microchip\xc8\v1.33\sources\common\awtoft.c
		___awtoft      		CODE           	0F4C	0000	72

C:\Program Files (x86)\Microchip\xc8\v1.33\sources\common\awtoft.c estimated size: 72

C:\Program Files (x86)\Microchip\xc8\v1.33\sources\pic18\plib\PWM\pw2open.c
		_OpenPWM2      		CODE           	1008	0000	58

C:\Program Files (x86)\Microchip\xc8\v1.33\sources\pic18\plib\PWM\pw2open.c estimated size: 58

C:\Program Files (x86)\Microchip\xc8\v1.33\sources\pic18\plib\i2c\i2c_read.c
		_ReadI2C       		CODE           	10A4	0000	40

C:\Program Files (x86)\Microchip\xc8\v1.33\sources\pic18\plib\i2c\i2c_read.c estimated size: 40

C:\Program Files (x86)\Microchip\xc8\v1.33\sources\common\abs.c
		_abs           		CODE           	1042	0000	56

C:\Program Files (x86)\Microchip\xc8\v1.33\sources\common\abs.c estimated size: 56

cmps03.h
		_OpenCMPS03    		CODE           	120E	0000	20
		_ReadCMPS03    		CODE           	0EA4	0000	86

cmps03.h estimated size: 106

C:\Program Files (x86)\Microchip\xc8\v1.33\sources\pic18\plib\i2c\i2c_idle.c
		_IdleI2C       		CODE           	1268	0000	16

C:\Program Files (x86)\Microchip\xc8\v1.33\sources\pic18\plib\i2c\i2c_idle.c estimated size: 16

C:\Program Files (x86)\Microchip\xc8\v1.33\sources\pic18\plib\PWM\pw1open.c
		_OpenPWM1      		CODE           	1222	0000	18

C:\Program Files (x86)\Microchip\xc8\v1.33\sources\pic18\plib\PWM\pw1open.c estimated size: 18

led.h
		_openLED       		CODE           	1296	0000	6
		_setLED        		CODE           	128E	0000	8

led.h estimated size: 14

